nohup: ignoring input
Gym has been unmaintained since 2022 and does not support NumPy 2.0 amongst other critical functionality.
Please upgrade to Gymnasium, the maintained drop-in replacement of Gym, or contact the authors of your software and request that they upgrade.
Users of this version of Gym should be able to simply replace 'import gym' with 'import gymnasium as gym' in the vast majority of cases.
See the migration guide at https://gymnasium.farama.org/introduction/migration_guide/ for additional information.
Python : 3.10.18
PyTorch: 2.4.1+cu121 | CUDA: True
GPU    : NVIDIA GeForce RTX 4070 Laptop GPU
VRAM   : 8.2 GB

Profile         : full
Algos           : ['PPO']
Stages          : ['1-1', '1-2', '4-1', '8-1']
Seeds           : [42, 123, 2024]
Total timesteps : 500,000
Total treinos   : 12
Reward shaping  : não
Output em       : /home/murilo/Documents/academico/unesp_cc/repos/unesp-paper-deep-reinforcement-learning-platform-2d-games/mario_drl_results


======================================================================
[1/12] PPO | stage 1-1 | seed 42
======================================================================

► [PPO_stage1-1_seed42] treinando (500,000 timesteps restantes, n_envs=8)
  [eval @   5,000] reward= +252.00± 0.00  completion=0%  max_x_avg=315
  [eval @  10,000] reward= +231.00± 0.00  completion=0%  max_x_avg=296
  [eval @  15,000] reward= +231.00± 0.00  completion=0%  max_x_avg=296
  [eval @  20,000] reward= +231.00± 0.00  completion=0%  max_x_avg=296
  [eval @  25,000] reward= +231.00± 0.00  completion=0%  max_x_avg=296
  [eval @  30,000] reward= +231.00± 0.00  completion=0%  max_x_avg=296
  [eval @  35,000] reward= +252.00± 0.00  completion=0%  max_x_avg=315
  [eval @  40,000] reward= +231.00± 0.00  completion=0%  max_x_avg=296
  [eval @  45,000] reward= +252.00± 0.00  completion=0%  max_x_avg=315
  [eval @  50,000] reward= -415.00± 0.00  completion=0%  max_x_avg=40
  [eval @  55,000] reward= -415.00± 0.00  completion=0%  max_x_avg=40
  [eval @  60,000] reward= +231.00± 0.00  completion=0%  max_x_avg=296
  [eval @  65,000] reward= +231.00± 0.00  completion=0%  max_x_avg=296
  [eval @  70,000] reward= +248.00± 0.00  completion=0%  max_x_avg=311
  [eval @  75,000] reward= +139.00± 0.00  completion=0%  max_x_avg=594
  [eval @  80,000] reward= +250.00± 0.00  completion=0%  max_x_avg=314
  [eval @  85,000] reward= +139.00± 0.00  completion=0%  max_x_avg=595
  [eval @  90,000] reward= +248.00± 0.00  completion=0%  max_x_avg=311
  [eval @  95,000] reward= +250.00± 0.00  completion=0%  max_x_avg=314
  [eval @ 100,000] reward= +252.00± 0.00  completion=0%  max_x_avg=315
  [eval @ 105,000] reward= +231.00± 0.00  completion=0%  max_x_avg=296
  [eval @ 110,000] reward= +243.00± 0.00  completion=0%  max_x_avg=305
  [eval @ 115,000] reward= +231.00± 0.00  completion=0%  max_x_avg=296
  [eval @ 120,000] reward= +231.00± 0.00  completion=0%  max_x_avg=296
  [eval @ 125,000] reward= +231.00± 0.00  completion=0%  max_x_avg=296
  [eval @ 130,000] reward= +231.00± 0.00  completion=0%  max_x_avg=296
  [eval @ 135,000] reward= +231.00± 0.00  completion=0%  max_x_avg=296
  [eval @ 140,000] reward= +231.00± 0.00  completion=0%  max_x_avg=296
  [eval @ 145,000] reward= +231.00± 0.00  completion=0%  max_x_avg=296
  [eval @ 150,000] reward= +231.00± 0.00  completion=0%  max_x_avg=296
  [eval @ 155,000] reward= +231.00± 0.00  completion=0%  max_x_avg=296
  [eval @ 160,000] reward= +231.00± 0.00  completion=0%  max_x_avg=296
  [eval @ 165,000] reward= +231.00± 0.00  completion=0%  max_x_avg=296
  [eval @ 170,000] reward= +231.00± 0.00  completion=0%  max_x_avg=296
  [eval @ 175,000] reward= +231.00± 0.00  completion=0%  max_x_avg=296
  [eval @ 180,000] reward= -415.00± 0.00  completion=0%  max_x_avg=40
  [eval @ 185,000] reward= -415.00± 0.00  completion=0%  max_x_avg=40
  [eval @ 190,000] reward= -415.00± 0.00  completion=0%  max_x_avg=40
  [eval @ 195,000] reward= -301.00± 0.00  completion=0%  max_x_avg=154
  [eval @ 200,000] reward= +231.00± 0.00  completion=0%  max_x_avg=296
  [eval @ 205,000] reward= -455.00± 0.00  completion=0%  max_x_avg=50
  [eval @ 210,000] reward= -455.00± 0.00  completion=0%  max_x_avg=39
  [eval @ 215,000] reward= -455.00± 0.00  completion=0%  max_x_avg=39
  [eval @ 220,000] reward= -455.00± 0.00  completion=0%  max_x_avg=39
  [eval @ 225,000] reward= -455.00± 0.00  completion=0%  max_x_avg=39
  [eval @ 230,000] reward= -455.00± 0.00  completion=0%  max_x_avg=39
  [eval @ 235,000] reward= +231.00± 0.00  completion=0%  max_x_avg=295
  [eval @ 240,000] reward= +231.00± 0.00  completion=0%  max_x_avg=296
  [eval @ 245,000] reward= +231.00± 0.00  completion=0%  max_x_avg=296
  [eval @ 250,000] reward= +231.00± 0.00  completion=0%  max_x_avg=296
  [eval @ 255,000] reward= +231.00± 0.00  completion=0%  max_x_avg=296
  [eval @ 260,000] reward= +231.00± 0.00  completion=0%  max_x_avg=296
  [eval @ 265,000] reward= +250.00± 0.00  completion=0%  max_x_avg=314
  [eval @ 270,000] reward= +231.00± 0.00  completion=0%  max_x_avg=296
  [eval @ 275,000] reward= +231.00± 0.00  completion=0%  max_x_avg=296
  [eval @ 280,000] reward= +231.00± 0.00  completion=0%  max_x_avg=296
  [eval @ 285,000] reward= +231.00± 0.00  completion=0%  max_x_avg=296
  [eval @ 290,000] reward= +231.00± 0.00  completion=0%  max_x_avg=296
  [eval @ 295,000] reward= -415.00± 0.00  completion=0%  max_x_avg=40
  [eval @ 300,000] reward= -415.00± 0.00  completion=0%  max_x_avg=40
  [eval @ 305,000] reward= -415.00± 0.00  completion=0%  max_x_avg=40
  [eval @ 310,000] reward= -415.00± 0.00  completion=0%  max_x_avg=40
  [eval @ 315,000] reward= -415.00± 0.00  completion=0%  max_x_avg=40
  [eval @ 320,000] reward= +231.00± 0.00  completion=0%  max_x_avg=296
  [eval @ 325,000] reward= +231.00± 0.00  completion=0%  max_x_avg=296
  [eval @ 330,000] reward= +231.00± 0.00  completion=0%  max_x_avg=296
  [eval @ 335,000] reward= +231.00± 0.00  completion=0%  max_x_avg=296
  [eval @ 340,000] reward= +231.00± 0.00  completion=0%  max_x_avg=296
  [eval @ 345,000] reward= +244.00± 0.00  completion=0%  max_x_avg=309
  [eval @ 350,000] reward= +252.00± 0.00  completion=0%  max_x_avg=315
  [eval @ 355,000] reward= +252.00± 0.00  completion=0%  max_x_avg=315
  [eval @ 360,000] reward= +252.00± 0.00  completion=0%  max_x_avg=315
  [eval @ 365,000] reward= +238.00± 0.00  completion=0%  max_x_avg=300
  [eval @ 370,000] reward= +139.00± 0.00  completion=0%  max_x_avg=594
  [eval @ 375,000] reward= -415.00± 0.00  completion=0%  max_x_avg=40
  [eval @ 380,000] reward= -415.00± 0.00  completion=0%  max_x_avg=40
  [eval @ 385,000] reward= -415.00± 0.00  completion=0%  max_x_avg=40
  [eval @ 390,000] reward=  -21.00± 0.00  completion=0%  max_x_avg=434
  [eval @ 395,000] reward= +109.00± 0.00  completion=0%  max_x_avg=564
  [eval @ 400,000] reward= +221.00± 0.00  completion=0%  max_x_avg=284
  [eval @ 405,000] reward=  -47.00± 0.00  completion=0%  max_x_avg=408
  [eval @ 410,000] reward= +250.00± 0.00  completion=0%  max_x_avg=314
  [eval @ 415,000] reward= +250.00± 0.00  completion=0%  max_x_avg=314
  [eval @ 420,000] reward= +250.00± 0.00  completion=0%  max_x_avg=314
  [eval @ 425,000] reward= +250.00± 0.00  completion=0%  max_x_avg=314
  [eval @ 430,000] reward= +250.00± 0.00  completion=0%  max_x_avg=314
  [eval @ 435,000] reward= +250.00± 0.00  completion=0%  max_x_avg=314
  [eval @ 440,000] reward= +250.00± 0.00  completion=0%  max_x_avg=314
  [eval @ 445,000] reward= +252.00± 0.00  completion=0%  max_x_avg=315
  [eval @ 450,000] reward= +250.00± 0.00  completion=0%  max_x_avg=314
  [eval @ 455,000] reward= +250.00± 0.00  completion=0%  max_x_avg=314
  [eval @ 460,000] reward= +231.00± 0.00  completion=0%  max_x_avg=296
  [eval @ 465,000] reward=  -21.00± 0.00  completion=0%  max_x_avg=434
  [eval @ 470,000] reward= +231.00± 0.00  completion=0%  max_x_avg=296
  [eval @ 475,000] reward= +231.00± 0.00  completion=0%  max_x_avg=296
  [eval @ 480,000] reward= +231.00± 0.00  completion=0%  max_x_avg=296
  [eval @ 485,000] reward= +231.00± 0.00  completion=0%  max_x_avg=296
  [eval @ 490,000] reward= +231.00± 0.00  completion=0%  max_x_avg=296
  [eval @ 495,000] reward= -455.00± 0.00  completion=0%  max_x_avg=50
  [eval @ 500,000] reward= -415.00± 0.00  completion=0%  max_x_avg=40
 100% ━━━━━━━━━━━━━━━━━━━━━━━━ 500,736/500,000  [ 1:08:11 < 0:00:00 , 426 it/s ]
✓ [PPO_stage1-1_seed42] concluído em 68.2 min — modelo: /home/murilo/Documents/academico/unesp_cc/repos/unesp-paper-deep-reinforcement-learning-platform-2d-games/mario_drl_results/models/PPO_stage1-1_seed42.zip

======================================================================
[2/12] PPO | stage 1-1 | seed 123
======================================================================

► [PPO_stage1-1_seed123] treinando (500,000 timesteps restantes, n_envs=8)
  [eval @   5,000] reward= +231.00± 0.00  completion=0%  max_x_avg=296
  [eval @  10,000] reward= +231.00± 0.00  completion=0%  max_x_avg=296
  [eval @  15,000] reward= +231.00± 0.00  completion=0%  max_x_avg=296
  [eval @  20,000] reward= +231.00± 0.00  completion=0%  max_x_avg=296
  [eval @  25,000] reward= +231.00± 0.00  completion=0%  max_x_avg=296
  [eval @  30,000] reward= -415.00± 0.00  completion=0%  max_x_avg=40
  [eval @  35,000] reward= +231.00± 0.00  completion=0%  max_x_avg=296
  [eval @  40,000] reward= +231.00± 0.00  completion=0%  max_x_avg=296
  [eval @  45,000] reward= +231.00± 0.00  completion=0%  max_x_avg=296
  [eval @  50,000] reward= +231.00± 0.00  completion=0%  max_x_avg=296
  [eval @  55,000] reward= +231.00± 0.00  completion=0%  max_x_avg=296
  [eval @  60,000] reward= +231.00± 0.00  completion=0%  max_x_avg=296
  [eval @  65,000] reward= +231.00± 0.00  completion=0%  max_x_avg=296
  [eval @  70,000] reward= +231.00± 0.00  completion=0%  max_x_avg=296
  [eval @  75,000] reward= +231.00± 0.00  completion=0%  max_x_avg=296
  [eval @  80,000] reward=  -21.00± 0.00  completion=0%  max_x_avg=434
  [eval @  85,000] reward= +245.00± 0.00  completion=0%  max_x_avg=310
  [eval @  90,000] reward= +240.00± 0.00  completion=0%  max_x_avg=305
  [eval @  95,000] reward= +248.00± 0.00  completion=0%  max_x_avg=312
  [eval @ 100,000] reward= +249.00± 0.00  completion=0%  max_x_avg=312
  [eval @ 105,000] reward= +231.00± 0.00  completion=0%  max_x_avg=296
  [eval @ 110,000] reward= +231.00± 0.00  completion=0%  max_x_avg=296
  [eval @ 115,000] reward= +231.00± 0.00  completion=0%  max_x_avg=296
  [eval @ 120,000] reward= +231.00± 0.00  completion=0%  max_x_avg=296
  [eval @ 125,000] reward= +231.00± 0.00  completion=0%  max_x_avg=296
  [eval @ 130,000] reward= +231.00± 0.00  completion=0%  max_x_avg=296
  [eval @ 135,000] reward= +231.00± 0.00  completion=0%  max_x_avg=296
  [eval @ 140,000] reward= +231.00± 0.00  completion=0%  max_x_avg=296
  [eval @ 145,000] reward=  -21.00± 0.00  completion=0%  max_x_avg=435
  [eval @ 150,000] reward= +245.00± 0.00  completion=0%  max_x_avg=310
  [eval @ 155,000] reward= +250.00± 0.00  completion=0%  max_x_avg=314
  [eval @ 160,000] reward= +250.00± 0.00  completion=0%  max_x_avg=314
  [eval @ 165,000] reward= +250.00± 0.00  completion=0%  max_x_avg=314
  [eval @ 170,000] reward= +250.00± 0.00  completion=0%  max_x_avg=314
  [eval @ 175,000] reward= +250.00± 0.00  completion=0%  max_x_avg=314
  [eval @ 180,000] reward=  -21.00± 0.00  completion=0%  max_x_avg=435
  [eval @ 185,000] reward= +231.00± 0.00  completion=0%  max_x_avg=296
  [eval @ 190,000] reward= +231.00± 0.00  completion=0%  max_x_avg=296
  [eval @ 195,000] reward= +231.00± 0.00  completion=0%  max_x_avg=296
  [eval @ 200,000] reward= +231.00± 0.00  completion=0%  max_x_avg=296
  [eval @ 205,000] reward= +231.00± 0.00  completion=0%  max_x_avg=296
  [eval @ 210,000] reward= +231.00± 0.00  completion=0%  max_x_avg=296
  [eval @ 215,000] reward= +231.00± 0.00  completion=0%  max_x_avg=296
  [eval @ 220,000] reward= +231.00± 0.00  completion=0%  max_x_avg=296
  [eval @ 225,000] reward= +231.00± 0.00  completion=0%  max_x_avg=296
  [eval @ 230,000] reward= +231.00± 0.00  completion=0%  max_x_avg=296
  [eval @ 235,000] reward= +231.00± 0.00  completion=0%  max_x_avg=296
  [eval @ 240,000] reward= +231.00± 0.00  completion=0%  max_x_avg=296
  [eval @ 245,000] reward= +231.00± 0.00  completion=0%  max_x_avg=296
  [eval @ 250,000] reward= +250.00± 0.00  completion=0%  max_x_avg=314
  [eval @ 255,000] reward= +250.00± 0.00  completion=0%  max_x_avg=314
  [eval @ 260,000] reward= +250.00± 0.00  completion=0%  max_x_avg=314
  [eval @ 265,000] reward= +250.00± 0.00  completion=0%  max_x_avg=314
  [eval @ 270,000] reward= +250.00± 0.00  completion=0%  max_x_avg=314
  [eval @ 275,000] reward= +250.00± 0.00  completion=0%  max_x_avg=314
  [eval @ 280,000] reward= +250.00± 0.00  completion=0%  max_x_avg=314
  [eval @ 285,000] reward= +251.00± 0.00  completion=0%  max_x_avg=315
  [eval @ 290,000] reward= +250.00± 0.00  completion=0%  max_x_avg=314
  [eval @ 295,000] reward= +250.00± 0.00  completion=0%  max_x_avg=314
  [eval @ 300,000] reward= +250.00± 0.00  completion=0%  max_x_avg=314
  [eval @ 305,000] reward= +249.00± 0.00  completion=0%  max_x_avg=313
  [eval @ 310,000] reward= +250.00± 0.00  completion=0%  max_x_avg=314
  [eval @ 315,000] reward= +240.00± 0.00  completion=0%  max_x_avg=304
  [eval @ 320,000] reward= +250.00± 0.00  completion=0%  max_x_avg=314
  [eval @ 325,000] reward= +231.00± 0.00  completion=0%  max_x_avg=296
  [eval @ 330,000] reward= +250.00± 0.00  completion=0%  max_x_avg=314
  [eval @ 335,000] reward= +250.00± 0.00  completion=0%  max_x_avg=314
  [eval @ 340,000] reward= +250.00± 0.00  completion=0%  max_x_avg=314
  [eval @ 345,000] reward= +250.00± 0.00  completion=0%  max_x_avg=314
  [eval @ 350,000] reward= +250.00± 0.00  completion=0%  max_x_avg=314
  [eval @ 355,000] reward= +250.00± 0.00  completion=0%  max_x_avg=314
  [eval @ 360,000] reward= +250.00± 0.00  completion=0%  max_x_avg=314
  [eval @ 365,000] reward= +250.00± 0.00  completion=0%  max_x_avg=314
  [eval @ 370,000] reward= +249.00± 0.00  completion=0%  max_x_avg=313
  [eval @ 375,000] reward= +250.00± 0.00  completion=0%  max_x_avg=314
  [eval @ 380,000] reward= +250.00± 0.00  completion=0%  max_x_avg=314
  [eval @ 385,000] reward= +250.00± 0.00  completion=0%  max_x_avg=314
  [eval @ 390,000] reward= +250.00± 0.00  completion=0%  max_x_avg=314
  [eval @ 395,000] reward= +250.00± 0.00  completion=0%  max_x_avg=314
  [eval @ 400,000] reward= +250.00± 0.00  completion=0%  max_x_avg=314
  [eval @ 405,000] reward= +250.00± 0.00  completion=0%  max_x_avg=314
  [eval @ 410,000] reward= +250.00± 0.00  completion=0%  max_x_avg=314
  [eval @ 415,000] reward= +250.00± 0.00  completion=0%  max_x_avg=314
  [eval @ 420,000] reward= +250.00± 0.00  completion=0%  max_x_avg=314
  [eval @ 425,000] reward= +250.00± 0.00  completion=0%  max_x_avg=314
  [eval @ 430,000] reward= +250.00± 0.00  completion=0%  max_x_avg=314
  [eval @ 435,000] reward= -401.00± 0.00  completion=0%  max_x_avg=54
  [eval @ 440,000] reward= +250.00± 0.00  completion=0%  max_x_avg=314
  [eval @ 445,000] reward= +250.00± 0.00  completion=0%  max_x_avg=314
  [eval @ 450,000] reward= +250.00± 0.00  completion=0%  max_x_avg=314
  [eval @ 455,000] reward= +250.00± 0.00  completion=0%  max_x_avg=314
  [eval @ 460,000] reward= +250.00± 0.00  completion=0%  max_x_avg=314
  [eval @ 465,000] reward=  +58.00± 0.00  completion=0%  max_x_avg=245
  [eval @ 470,000] reward= +231.00± 0.00  completion=0%  max_x_avg=296
  [eval @ 475,000] reward= +231.00± 0.00  completion=0%  max_x_avg=296
  [eval @ 480,000] reward= +231.00± 0.00  completion=0%  max_x_avg=296
  [eval @ 485,000] reward= +231.00± 0.00  completion=0%  max_x_avg=296
  [eval @ 490,000] reward= +231.00± 0.00  completion=0%  max_x_avg=296
  [eval @ 495,000] reward= +231.00± 0.00  completion=0%  max_x_avg=296
  [eval @ 500,000] reward= +231.00± 0.00  completion=0%  max_x_avg=296
 100% ━━━━━━━━━━━━━━━━━━━━━━━━ 500,736/500,000  [ 0:31:13 < 0:00:00 , 371 it/s ]
✓ [PPO_stage1-1_seed123] concluído em 31.3 min — modelo: /home/murilo/Documents/academico/unesp_cc/repos/unesp-paper-deep-reinforcement-learning-platform-2d-games/mario_drl_results/models/PPO_stage1-1_seed123.zip

======================================================================
[3/12] PPO | stage 1-1 | seed 2024
======================================================================

► [PPO_stage1-1_seed2024] treinando (500,000 timesteps restantes, n_envs=8)
  [eval @   5,000] reward= -415.00± 0.00  completion=0%  max_x_avg=40
  [eval @  10,000] reward= +231.00± 0.00  completion=0%  max_x_avg=296
  [eval @  15,000] reward= +231.00± 0.00  completion=0%  max_x_avg=296
  [eval @  20,000] reward= +231.00± 0.00  completion=0%  max_x_avg=296
  [eval @  25,000] reward= +231.00± 0.00  completion=0%  max_x_avg=296
  [eval @  30,000] reward= +231.00± 0.00  completion=0%  max_x_avg=296
  [eval @  35,000] reward= +231.00± 0.00  completion=0%  max_x_avg=296
  [eval @  40,000] reward= +231.00± 0.00  completion=0%  max_x_avg=296
  [eval @  45,000] reward= +231.00± 0.00  completion=0%  max_x_avg=296
  [eval @  50,000] reward= +231.00± 0.00  completion=0%  max_x_avg=296
  [eval @  55,000] reward= +231.00± 0.00  completion=0%  max_x_avg=296
  [eval @  60,000] reward= +230.00± 0.00  completion=0%  max_x_avg=294
  [eval @  65,000] reward= +231.00± 0.00  completion=0%  max_x_avg=296
  [eval @  70,000] reward= +231.00± 0.00  completion=0%  max_x_avg=296
  [eval @  75,000] reward= -415.00± 0.00  completion=0%  max_x_avg=40
  [eval @  80,000] reward= -415.00± 0.00  completion=0%  max_x_avg=40
  [eval @  85,000] reward= +231.00± 0.00  completion=0%  max_x_avg=296
  [eval @  90,000] reward= -415.00± 0.00  completion=0%  max_x_avg=40
  [eval @  95,000] reward= -415.00± 0.00  completion=0%  max_x_avg=40
  [eval @ 100,000] reward= +231.00± 0.00  completion=0%  max_x_avg=296
  [eval @ 105,000] reward= +231.00± 0.00  completion=0%  max_x_avg=296
  [eval @ 110,000] reward= -402.00± 0.00  completion=0%  max_x_avg=53
  [eval @ 115,000] reward= +250.00± 0.00  completion=0%  max_x_avg=314
  [eval @ 120,000] reward= +250.00± 0.00  completion=0%  max_x_avg=314
  [eval @ 125,000] reward= +250.00± 0.00  completion=0%  max_x_avg=314
  [eval @ 130,000] reward= +250.00± 0.00  completion=0%  max_x_avg=314
  [eval @ 135,000] reward= +139.00± 0.00  completion=0%  max_x_avg=594
  [eval @ 140,000] reward= +250.00± 0.00  completion=0%  max_x_avg=314
  [eval @ 145,000] reward= +231.00± 0.00  completion=0%  max_x_avg=296
  [eval @ 150,000] reward=  -21.00± 0.00  completion=0%  max_x_avg=434
  [eval @ 155,000] reward= +220.00± 0.00  completion=0%  max_x_avg=285
  [eval @ 160,000] reward= +139.00± 0.00  completion=0%  max_x_avg=594
  [eval @ 165,000] reward= +231.00± 0.00  completion=0%  max_x_avg=296
  [eval @ 170,000] reward= +231.00± 0.00  completion=0%  max_x_avg=296
  [eval @ 175,000] reward= +231.00± 0.00  completion=0%  max_x_avg=296
  [eval @ 180,000] reward= +231.00± 0.00  completion=0%  max_x_avg=296
  [eval @ 185,000] reward= +231.00± 0.00  completion=0%  max_x_avg=296
  [eval @ 190,000] reward= +231.00± 0.00  completion=0%  max_x_avg=296
  [eval @ 195,000] reward= +231.00± 0.00  completion=0%  max_x_avg=296
  [eval @ 200,000] reward=  -21.00± 0.00  completion=0%  max_x_avg=434
  [eval @ 205,000] reward= -415.00± 0.00  completion=0%  max_x_avg=40
  [eval @ 210,000] reward= +231.00± 0.00  completion=0%  max_x_avg=296
  [eval @ 215,000] reward= +231.00± 0.00  completion=0%  max_x_avg=296
  [eval @ 220,000] reward= +231.00± 0.00  completion=0%  max_x_avg=296
  [eval @ 225,000] reward= +240.00± 0.00  completion=0%  max_x_avg=301
  [eval @ 230,000] reward= -415.00± 0.00  completion=0%  max_x_avg=40
  [eval @ 235,000] reward= +189.00± 0.00  completion=0%  max_x_avg=255
  [eval @ 240,000] reward= -415.00± 0.00  completion=0%  max_x_avg=40
  [eval @ 245,000] reward= -415.00± 0.00  completion=0%  max_x_avg=40
  [eval @ 250,000] reward= +231.00± 0.00  completion=0%  max_x_avg=296
  [eval @ 255,000] reward= -149.00± 0.00  completion=0%  max_x_avg=306
  [eval @ 260,000] reward=  -21.00± 0.00  completion=0%  max_x_avg=434
  [eval @ 265,000] reward= -402.00± 0.00  completion=0%  max_x_avg=53
  [eval @ 270,000] reward= -415.00± 0.00  completion=0%  max_x_avg=40
  [eval @ 275,000] reward=  -54.00± 0.00  completion=0%  max_x_avg=401
  [eval @ 280,000] reward= +250.00± 0.00  completion=0%  max_x_avg=314
  [eval @ 285,000] reward= -398.00± 0.00  completion=0%  max_x_avg=57
  [eval @ 290,000] reward= +244.00± 0.00  completion=0%  max_x_avg=308
  [eval @ 295,000] reward= +250.00± 0.00  completion=0%  max_x_avg=314
  [eval @ 300,000] reward= +250.00± 0.00  completion=0%  max_x_avg=314
  [eval @ 305,000] reward= +250.00± 0.00  completion=0%  max_x_avg=314
  [eval @ 310,000] reward= -409.00± 0.00  completion=0%  max_x_avg=46
  [eval @ 315,000] reward= +250.00± 0.00  completion=0%  max_x_avg=314
  [eval @ 320,000] reward= +252.00± 0.00  completion=0%  max_x_avg=315
  [eval @ 325,000] reward= +252.00± 0.00  completion=0%  max_x_avg=315
  [eval @ 330,000] reward= +252.00± 0.00  completion=0%  max_x_avg=315
  [eval @ 335,000] reward= +252.00± 0.00  completion=0%  max_x_avg=315
  [eval @ 340,000] reward= +252.00± 0.00  completion=0%  max_x_avg=315
  [eval @ 345,000] reward= +252.00± 0.00  completion=0%  max_x_avg=315
  [eval @ 350,000] reward= +251.00± 0.00  completion=0%  max_x_avg=314
  [eval @ 355,000] reward= +252.00± 0.00  completion=0%  max_x_avg=315
  [eval @ 360,000] reward= +231.00± 0.00  completion=0%  max_x_avg=296
  [eval @ 365,000] reward= +241.00± 0.00  completion=0%  max_x_avg=304
  [eval @ 370,000] reward= +252.00± 0.00  completion=0%  max_x_avg=315
  [eval @ 375,000] reward= +252.00± 0.00  completion=0%  max_x_avg=315
  [eval @ 380,000] reward=  -71.00± 0.00  completion=0%  max_x_avg=384
  [eval @ 385,000] reward= +252.00± 0.00  completion=0%  max_x_avg=315
  [eval @ 390,000] reward= +252.00± 0.00  completion=0%  max_x_avg=315
  [eval @ 395,000] reward= +252.00± 0.00  completion=0%  max_x_avg=315
  [eval @ 400,000] reward=  -21.00± 0.00  completion=0%  max_x_avg=434
  [eval @ 405,000] reward= +252.00± 0.00  completion=0%  max_x_avg=315
  [eval @ 410,000] reward= +252.00± 0.00  completion=0%  max_x_avg=315
  [eval @ 415,000] reward= +252.00± 0.00  completion=0%  max_x_avg=315
  [eval @ 420,000] reward= -455.00± 0.00  completion=0%  max_x_avg=39
  [eval @ 425,000] reward= -455.00± 0.00  completion=0%  max_x_avg=42
  [eval @ 430,000] reward= -455.00± 0.00  completion=0%  max_x_avg=39
  [eval @ 435,000] reward=   -3.00± 0.00  completion=0%  max_x_avg=189
  [eval @ 440,000] reward= +231.00± 0.00  completion=0%  max_x_avg=296
  [eval @ 445,000] reward=  -21.00± 0.00  completion=0%  max_x_avg=434
  [eval @ 450,000] reward=  -21.00± 0.00  completion=0%  max_x_avg=434
  [eval @ 455,000] reward= +139.00± 0.00  completion=0%  max_x_avg=594
  [eval @ 460,000] reward= +231.00± 0.00  completion=0%  max_x_avg=296
  [eval @ 465,000] reward= +231.00± 0.00  completion=0%  max_x_avg=296
  [eval @ 470,000] reward= +231.00± 0.00  completion=0%  max_x_avg=296
  [eval @ 475,000] reward= +231.00± 0.00  completion=0%  max_x_avg=296
  [eval @ 480,000] reward= +231.00± 0.00  completion=0%  max_x_avg=296
  [eval @ 485,000] reward=  -21.00± 0.00  completion=0%  max_x_avg=435
  [eval @ 490,000] reward=  -21.00± 0.00  completion=0%  max_x_avg=434
  [eval @ 495,000] reward= +252.00± 0.00  completion=0%  max_x_avg=315
  [eval @ 500,000] reward= +252.00± 0.00  completion=0%  max_x_avg=315
 100% ━━━━━━━━━━━━━━━━━━━━━━━━ 500,736/500,000  [ 1:06:45 < 0:00:00 , 273 it/s ]
✓ [PPO_stage1-1_seed2024] concluído em 66.8 min — modelo: /home/murilo/Documents/academico/unesp_cc/repos/unesp-paper-deep-reinforcement-learning-platform-2d-games/mario_drl_results/models/PPO_stage1-1_seed2024.zip

======================================================================
[4/12] PPO | stage 1-2 | seed 42
======================================================================

► [PPO_stage1-2_seed42] treinando (500,000 timesteps restantes, n_envs=8)
  [eval @   5,000] reward=  -30.00± 0.00  completion=0%  max_x_avg=40
  [eval @  10,000] reward=  -30.00± 0.00  completion=0%  max_x_avg=40
  [eval @  15,000] reward=  -30.00± 0.00  completion=0%  max_x_avg=40
  [eval @  20,000] reward=  -30.00± 0.00  completion=0%  max_x_avg=40
  [eval @  25,000] reward=  -30.00± 0.00  completion=0%  max_x_avg=40
  [eval @  30,000] reward= +120.00± 0.00  completion=0%  max_x_avg=180
  [eval @  35,000] reward= +137.00± 0.00  completion=0%  max_x_avg=198
  [eval @  40,000] reward= +137.00± 0.00  completion=0%  max_x_avg=198
  [eval @  45,000] reward=  -30.00± 0.00  completion=0%  max_x_avg=40
  [eval @  50,000] reward=  -30.00± 0.00  completion=0%  max_x_avg=40
  [eval @  55,000] reward= +137.00± 0.00  completion=0%  max_x_avg=198
  [eval @  60,000] reward= +137.00± 0.00  completion=0%  max_x_avg=198
  [eval @  65,000] reward=  -30.00± 0.00  completion=0%  max_x_avg=40
  [eval @  70,000] reward=  -30.00± 0.00  completion=0%  max_x_avg=40
  [eval @  75,000] reward=  -30.00± 0.00  completion=0%  max_x_avg=40
  [eval @  80,000] reward= +120.00± 0.00  completion=0%  max_x_avg=180
  [eval @  85,000] reward= +137.00± 0.00  completion=0%  max_x_avg=198
  [eval @  90,000] reward= -197.00± 0.00  completion=0%  max_x_avg=259
  [eval @  95,000] reward= +137.00± 0.00  completion=0%  max_x_avg=198
  [eval @ 100,000] reward= +137.00± 0.00  completion=0%  max_x_avg=198
  [eval @ 105,000] reward= +137.00± 0.00  completion=0%  max_x_avg=198
  [eval @ 110,000] reward= +120.00± 0.00  completion=0%  max_x_avg=180
  [eval @ 115,000] reward= +120.00± 0.00  completion=0%  max_x_avg=180
  [eval @ 120,000] reward= +120.00± 0.00  completion=0%  max_x_avg=180
  [eval @ 125,000] reward= +120.00± 0.00  completion=0%  max_x_avg=180
  [eval @ 130,000] reward= +120.00± 0.00  completion=0%  max_x_avg=180
  [eval @ 135,000] reward= +120.00± 0.00  completion=0%  max_x_avg=180
  [eval @ 140,000] reward= +120.00± 0.00  completion=0%  max_x_avg=180
  [eval @ 145,000] reward= +120.00± 0.00  completion=0%  max_x_avg=180
  [eval @ 150,000] reward= +120.00± 0.00  completion=0%  max_x_avg=180
  [eval @ 155,000] reward= +120.00± 0.00  completion=0%  max_x_avg=180
  [eval @ 160,000] reward= +120.00± 0.00  completion=0%  max_x_avg=180
  [eval @ 165,000] reward= -197.00± 0.00  completion=0%  max_x_avg=258
  [eval @ 170,000] reward= -165.00± 0.00  completion=0%  max_x_avg=290
  [eval @ 175,000] reward= -197.00± 0.00  completion=0%  max_x_avg=258
  [eval @ 180,000] reward= +133.00± 0.00  completion=0%  max_x_avg=194
  [eval @ 185,000] reward= +120.00± 0.00  completion=0%  max_x_avg=180
  [eval @ 190,000] reward= +137.00± 0.00  completion=0%  max_x_avg=198
  [eval @ 195,000] reward= +137.00± 0.00  completion=0%  max_x_avg=198
  [eval @ 200,000] reward= +137.00± 0.00  completion=0%  max_x_avg=198
  [eval @ 205,000] reward= +137.00± 0.00  completion=0%  max_x_avg=198
  [eval @ 210,000] reward= +137.00± 0.00  completion=0%  max_x_avg=198
  [eval @ 215,000] reward= +137.00± 0.00  completion=0%  max_x_avg=198
  [eval @ 220,000] reward= +137.00± 0.00  completion=0%  max_x_avg=198
  [eval @ 225,000] reward= +137.00± 0.00  completion=0%  max_x_avg=198
  [eval @ 230,000] reward= +137.00± 0.00  completion=0%  max_x_avg=198
  [eval @ 235,000] reward= +137.00± 0.00  completion=0%  max_x_avg=198
  [eval @ 240,000] reward= +137.00± 0.00  completion=0%  max_x_avg=198
  [eval @ 245,000] reward= +137.00± 0.00  completion=0%  max_x_avg=198
  [eval @ 250,000] reward= +137.00± 0.00  completion=0%  max_x_avg=198
  [eval @ 255,000] reward= +137.00± 0.00  completion=0%  max_x_avg=198
  [eval @ 260,000] reward= +137.00± 0.00  completion=0%  max_x_avg=198
  [eval @ 265,000] reward= +137.00± 0.00  completion=0%  max_x_avg=198
  [eval @ 270,000] reward= +137.00± 0.00  completion=0%  max_x_avg=198
  [eval @ 275,000] reward= +137.00± 0.00  completion=0%  max_x_avg=198
  [eval @ 280,000] reward= +137.00± 0.00  completion=0%  max_x_avg=198
  [eval @ 285,000] reward= +137.00± 0.00  completion=0%  max_x_avg=198
  [eval @ 290,000] reward= +137.00± 0.00  completion=0%  max_x_avg=198
  [eval @ 295,000] reward= +137.00± 0.00  completion=0%  max_x_avg=198
  [eval @ 300,000] reward= +137.00± 0.00  completion=0%  max_x_avg=198
  [eval @ 305,000] reward= +137.00± 0.00  completion=0%  max_x_avg=198
  [eval @ 310,000] reward= +137.00± 0.00  completion=0%  max_x_avg=198
  [eval @ 315,000] reward= +137.00± 0.00  completion=0%  max_x_avg=198
  [eval @ 320,000] reward= +137.00± 0.00  completion=0%  max_x_avg=198
  [eval @ 325,000] reward= +137.00± 0.00  completion=0%  max_x_avg=198
  [eval @ 330,000] reward= +137.00± 0.00  completion=0%  max_x_avg=198
  [eval @ 335,000] reward= +137.00± 0.00  completion=0%  max_x_avg=198
  [eval @ 340,000] reward= +137.00± 0.00  completion=0%  max_x_avg=198
  [eval @ 345,000] reward= +137.00± 0.00  completion=0%  max_x_avg=198
  [eval @ 350,000] reward= +137.00± 0.00  completion=0%  max_x_avg=198
  [eval @ 355,000] reward= +137.00± 0.00  completion=0%  max_x_avg=198
  [eval @ 360,000] reward= +137.00± 0.00  completion=0%  max_x_avg=198
  [eval @ 365,000] reward= +137.00± 0.00  completion=0%  max_x_avg=198
  [eval @ 370,000] reward= +137.00± 0.00  completion=0%  max_x_avg=198
  [eval @ 375,000] reward= +137.00± 0.00  completion=0%  max_x_avg=198
  [eval @ 380,000] reward= +137.00± 0.00  completion=0%  max_x_avg=198
  [eval @ 385,000] reward= +137.00± 0.00  completion=0%  max_x_avg=198
  [eval @ 390,000] reward= +137.00± 0.00  completion=0%  max_x_avg=198
  [eval @ 395,000] reward= +137.00± 0.00  completion=0%  max_x_avg=198
  [eval @ 400,000] reward= +137.00± 0.00  completion=0%  max_x_avg=198
  [eval @ 405,000] reward= +137.00± 0.00  completion=0%  max_x_avg=198
  [eval @ 410,000] reward= +137.00± 0.00  completion=0%  max_x_avg=198
  [eval @ 415,000] reward= +137.00± 0.00  completion=0%  max_x_avg=198
  [eval @ 420,000] reward= +137.00± 0.00  completion=0%  max_x_avg=198
  [eval @ 425,000] reward= +137.00± 0.00  completion=0%  max_x_avg=198
  [eval @ 430,000] reward= +137.00± 0.00  completion=0%  max_x_avg=198
  [eval @ 435,000] reward= +137.00± 0.00  completion=0%  max_x_avg=198
  [eval @ 440,000] reward= +137.00± 0.00  completion=0%  max_x_avg=198
  [eval @ 445,000] reward= +137.00± 0.00  completion=0%  max_x_avg=198
  [eval @ 450,000] reward= +137.00± 0.00  completion=0%  max_x_avg=198
  [eval @ 455,000] reward= +137.00± 0.00  completion=0%  max_x_avg=198
  [eval @ 460,000] reward= +137.00± 0.00  completion=0%  max_x_avg=198
  [eval @ 465,000] reward= +137.00± 0.00  completion=0%  max_x_avg=198
  [eval @ 470,000] reward= +137.00± 0.00  completion=0%  max_x_avg=198
  [eval @ 475,000] reward= +137.00± 0.00  completion=0%  max_x_avg=198
  [eval @ 480,000] reward= +137.00± 0.00  completion=0%  max_x_avg=198
  [eval @ 485,000] reward= +137.00± 0.00  completion=0%  max_x_avg=198
  [eval @ 490,000] reward= +137.00± 0.00  completion=0%  max_x_avg=198
  [eval @ 495,000] reward= +137.00± 0.00  completion=0%  max_x_avg=198
  [eval @ 500,000] reward= +137.00± 0.00  completion=0%  max_x_avg=198
 100% ━━━━━━━━━━━━━━━━━━━━━━━━ 500,736/500,000  [ 0:28:29 < 0:00:00 , 410 it/s ]
✓ [PPO_stage1-2_seed42] concluído em 28.5 min — modelo: /home/murilo/Documents/academico/unesp_cc/repos/unesp-paper-deep-reinforcement-learning-platform-2d-games/mario_drl_results/models/PPO_stage1-2_seed42.zip

======================================================================
[5/12] PPO | stage 1-2 | seed 123
======================================================================

► [PPO_stage1-2_seed123] treinando (500,000 timesteps restantes, n_envs=8)
  [eval @   5,000] reward=  -30.00± 0.00  completion=0%  max_x_avg=40
  [eval @  10,000] reward= +120.00± 0.00  completion=0%  max_x_avg=180
  [eval @  15,000] reward=  -30.00± 0.00  completion=0%  max_x_avg=40
  [eval @  20,000] reward=  -30.00± 0.00  completion=0%  max_x_avg=40
  [eval @  25,000] reward=  -30.00± 0.00  completion=0%  max_x_avg=40
  [eval @  30,000] reward=  -58.00± 0.00  completion=0%  max_x_avg=39
  [eval @  35,000] reward= +120.00± 0.00  completion=0%  max_x_avg=180
  [eval @  40,000] reward= +137.00± 0.00  completion=0%  max_x_avg=198
  [eval @  45,000] reward= +137.00± 0.00  completion=0%  max_x_avg=198
  [eval @  50,000] reward= +137.00± 0.00  completion=0%  max_x_avg=198
  [eval @  55,000] reward= +137.00± 0.00  completion=0%  max_x_avg=198
  [eval @  60,000] reward= -165.00± 0.00  completion=0%  max_x_avg=290
  [eval @  65,000] reward= +137.00± 0.00  completion=0%  max_x_avg=198
  [eval @  70,000] reward= +137.00± 0.00  completion=0%  max_x_avg=198
  [eval @  75,000] reward= -133.00± 0.00  completion=0%  max_x_avg=322
  [eval @  80,000] reward= +137.00± 0.00  completion=0%  max_x_avg=198
  [eval @  85,000] reward= +137.00± 0.00  completion=0%  max_x_avg=198
  [eval @  90,000] reward= +137.00± 0.00  completion=0%  max_x_avg=198
  [eval @  95,000] reward= +196.00± 0.00  completion=0%  max_x_avg=259
  [eval @ 100,000] reward= +137.00± 0.00  completion=0%  max_x_avg=198
  [eval @ 105,000] reward= +120.00± 0.00  completion=0%  max_x_avg=180
  [eval @ 110,000] reward=  -58.00± 0.00  completion=0%  max_x_avg=39
  [eval @ 115,000] reward=  -58.00± 0.00  completion=0%  max_x_avg=39
  [eval @ 120,000] reward=  -58.00± 0.00  completion=0%  max_x_avg=39
  [eval @ 125,000] reward=  -58.00± 0.00  completion=0%  max_x_avg=39
  [eval @ 130,000] reward=  -58.00± 0.00  completion=0%  max_x_avg=39
  [eval @ 135,000] reward=  -58.00± 0.00  completion=0%  max_x_avg=39
  [eval @ 140,000] reward=  -30.00± 0.00  completion=0%  max_x_avg=40
  [eval @ 145,000] reward=  -30.00± 0.00  completion=0%  max_x_avg=40
  [eval @ 150,000] reward=  -30.00± 0.00  completion=0%  max_x_avg=40
  [eval @ 155,000] reward=  -30.00± 0.00  completion=0%  max_x_avg=40
  [eval @ 160,000] reward=   +4.00± 0.00  completion=0%  max_x_avg=72
  [eval @ 165,000] reward=   -2.00± 0.00  completion=0%  max_x_avg=66
  [eval @ 170,000] reward= +137.00± 0.00  completion=0%  max_x_avg=198
  [eval @ 175,000] reward= +137.00± 0.00  completion=0%  max_x_avg=198
  [eval @ 180,000] reward= +137.00± 0.00  completion=0%  max_x_avg=198
  [eval @ 185,000] reward= +137.00± 0.00  completion=0%  max_x_avg=198
  [eval @ 190,000] reward= +120.00± 0.00  completion=0%  max_x_avg=182
  [eval @ 195,000] reward= +136.00± 0.00  completion=0%  max_x_avg=197
  [eval @ 200,000] reward= -165.00± 0.00  completion=0%  max_x_avg=291
  [eval @ 205,000] reward=  -30.00± 0.00  completion=0%  max_x_avg=40
  [eval @ 210,000] reward= +116.00± 0.00  completion=0%  max_x_avg=178
  [eval @ 215,000] reward=  -30.00± 0.00  completion=0%  max_x_avg=40
  [eval @ 220,000] reward= +611.00± 0.00  completion=0%  max_x_avg=680
  [eval @ 225,000] reward= +120.00± 0.00  completion=0%  max_x_avg=180
  [eval @ 230,000] reward= +137.00± 0.00  completion=0%  max_x_avg=198
  [eval @ 235,000] reward= +137.00± 0.00  completion=0%  max_x_avg=198
  [eval @ 240,000] reward= +126.00± 0.00  completion=0%  max_x_avg=188
  [eval @ 245,000] reward= +110.00± 0.00  completion=0%  max_x_avg=172
  [eval @ 250,000] reward= +120.00± 0.00  completion=0%  max_x_avg=180
  [eval @ 255,000] reward= +120.00± 0.00  completion=0%  max_x_avg=180
  [eval @ 260,000] reward= +120.00± 0.00  completion=0%  max_x_avg=180
  [eval @ 265,000] reward= +120.00± 0.00  completion=0%  max_x_avg=180
  [eval @ 270,000] reward= +120.00± 0.00  completion=0%  max_x_avg=180
  [eval @ 275,000] reward=  -30.00± 0.00  completion=0%  max_x_avg=40
  [eval @ 280,000] reward=  -30.00± 0.00  completion=0%  max_x_avg=40
  [eval @ 285,000] reward=  -30.00± 0.00  completion=0%  max_x_avg=40
  [eval @ 290,000] reward= +137.00± 0.00  completion=0%  max_x_avg=198
  [eval @ 295,000] reward= +137.00± 0.00  completion=0%  max_x_avg=198
  [eval @ 300,000] reward= +122.00± 0.00  completion=0%  max_x_avg=184
  [eval @ 305,000] reward= +137.00± 0.00  completion=0%  max_x_avg=198
  [eval @ 310,000] reward= +137.00± 0.00  completion=0%  max_x_avg=198
  [eval @ 315,000] reward= +137.00± 0.00  completion=0%  max_x_avg=198
  [eval @ 320,000] reward= +137.00± 0.00  completion=0%  max_x_avg=198
  [eval @ 325,000] reward= +137.00± 0.00  completion=0%  max_x_avg=198
  [eval @ 330,000] reward=   -2.00± 0.00  completion=0%  max_x_avg=66
  [eval @ 335,000] reward= +137.00± 0.00  completion=0%  max_x_avg=198
  [eval @ 340,000] reward= +120.00± 0.00  completion=0%  max_x_avg=180
  [eval @ 345,000] reward=  -30.00± 0.00  completion=0%  max_x_avg=40
  [eval @ 350,000] reward=  -30.00± 0.00  completion=0%  max_x_avg=40
  [eval @ 355,000] reward=  -30.00± 0.00  completion=0%  max_x_avg=40
  [eval @ 360,000] reward=  -30.00± 0.00  completion=0%  max_x_avg=40
  [eval @ 365,000] reward=  +59.00± 0.00  completion=0%  max_x_avg=141
  [eval @ 370,000] reward=  +94.00± 0.00  completion=0%  max_x_avg=158
  [eval @ 375,000] reward=  -30.00± 0.00  completion=0%  max_x_avg=40
  [eval @ 380,000] reward=  -30.00± 0.00  completion=0%  max_x_avg=40
  [eval @ 385,000] reward=  +97.00± 0.00  completion=0%  max_x_avg=160
  [eval @ 390,000] reward=  -30.00± 0.00  completion=0%  max_x_avg=40
  [eval @ 395,000] reward= +129.00± 0.00  completion=0%  max_x_avg=191
  [eval @ 400,000] reward= +137.00± 0.00  completion=0%  max_x_avg=198
  [eval @ 405,000] reward= +137.00± 0.00  completion=0%  max_x_avg=198
  [eval @ 410,000] reward= +133.00± 0.00  completion=0%  max_x_avg=193
  [eval @ 415,000] reward= +133.00± 0.00  completion=0%  max_x_avg=193
  [eval @ 420,000] reward= +137.00± 0.00  completion=0%  max_x_avg=198
  [eval @ 425,000] reward=  +41.00± 0.00  completion=0%  max_x_avg=106
  [eval @ 430,000] reward=  -30.00± 0.00  completion=0%  max_x_avg=40
  [eval @ 435,000] reward= +133.00± 0.00  completion=0%  max_x_avg=193
  [eval @ 440,000] reward= +120.00± 0.00  completion=0%  max_x_avg=180
  [eval @ 445,000] reward=  -23.00± 0.00  completion=0%  max_x_avg=47
  [eval @ 450,000] reward= -165.00± 0.00  completion=0%  max_x_avg=291
  [eval @ 455,000] reward= +137.00± 0.00  completion=0%  max_x_avg=198
  [eval @ 460,000] reward= +120.00± 0.00  completion=0%  max_x_avg=180
  [eval @ 465,000] reward=  -30.00± 0.00  completion=0%  max_x_avg=40
  [eval @ 470,000] reward= +120.00± 0.00  completion=0%  max_x_avg=180
  [eval @ 475,000] reward=  -30.00± 0.00  completion=0%  max_x_avg=40
  [eval @ 480,000] reward= +137.00± 0.00  completion=0%  max_x_avg=198
  [eval @ 485,000] reward= +137.00± 0.00  completion=0%  max_x_avg=198
  [eval @ 490,000] reward= -165.00± 0.00  completion=0%  max_x_avg=290
  [eval @ 495,000] reward= +137.00± 0.00  completion=0%  max_x_avg=198
  [eval @ 500,000] reward= +137.00± 0.00  completion=0%  max_x_avg=198
 100% ━━━━━━━━━━━━━━━━━━━━━━━━ 500,736/500,000  [ 0:30:09 < 0:00:00 , 412 it/s ]
✓ [PPO_stage1-2_seed123] concluído em 30.2 min — modelo: /home/murilo/Documents/academico/unesp_cc/repos/unesp-paper-deep-reinforcement-learning-platform-2d-games/mario_drl_results/models/PPO_stage1-2_seed123.zip

======================================================================
[6/12] PPO | stage 1-2 | seed 2024
======================================================================

► [PPO_stage1-2_seed2024] treinando (500,000 timesteps restantes, n_envs=8)
  [eval @   5,000] reward= +137.00± 0.00  completion=0%  max_x_avg=198
  [eval @  10,000] reward=  -30.00± 0.00  completion=0%  max_x_avg=40
  [eval @  15,000] reward= +120.00± 0.00  completion=0%  max_x_avg=180
  [eval @  20,000] reward=  -30.00± 0.00  completion=0%  max_x_avg=40
  [eval @  25,000] reward= +137.00± 0.00  completion=0%  max_x_avg=198
  [eval @  30,000] reward=  -30.00± 0.00  completion=0%  max_x_avg=40
  [eval @  35,000] reward=  -30.00± 0.00  completion=0%  max_x_avg=40
  [eval @  40,000] reward= +120.00± 0.00  completion=0%  max_x_avg=180
  [eval @  45,000] reward= +137.00± 0.00  completion=0%  max_x_avg=198
  [eval @  50,000] reward= +137.00± 0.00  completion=0%  max_x_avg=198
  [eval @  55,000] reward= +137.00± 0.00  completion=0%  max_x_avg=198
  [eval @  60,000] reward=  -58.00± 0.00  completion=0%  max_x_avg=39
  [eval @  65,000] reward= +120.00± 0.00  completion=0%  max_x_avg=180
  [eval @  70,000] reward= +120.00± 0.00  completion=0%  max_x_avg=180
  [eval @  75,000] reward= +120.00± 0.00  completion=0%  max_x_avg=180
  [eval @  80,000] reward=  -30.00± 0.00  completion=0%  max_x_avg=40
  [eval @  85,000] reward=  -30.00± 0.00  completion=0%  max_x_avg=40
  [eval @  90,000] reward= +120.00± 0.00  completion=0%  max_x_avg=180
  [eval @  95,000] reward= +120.00± 0.00  completion=0%  max_x_avg=180
  [eval @ 100,000] reward= +120.00± 0.00  completion=0%  max_x_avg=180
  [eval @ 105,000] reward=  -30.00± 0.00  completion=0%  max_x_avg=40
  [eval @ 110,000] reward=  -30.00± 0.00  completion=0%  max_x_avg=40
  [eval @ 115,000] reward=  -30.00± 0.00  completion=0%  max_x_avg=40
  [eval @ 120,000] reward=  -30.00± 0.00  completion=0%  max_x_avg=40
  [eval @ 125,000] reward=  -30.00± 0.00  completion=0%  max_x_avg=40
  [eval @ 130,000] reward=  -30.00± 0.00  completion=0%  max_x_avg=40
  [eval @ 135,000] reward= +137.00± 0.00  completion=0%  max_x_avg=198
  [eval @ 140,000] reward= +120.00± 0.00  completion=0%  max_x_avg=180
  [eval @ 145,000] reward= +120.00± 0.00  completion=0%  max_x_avg=180
  [eval @ 150,000] reward= +120.00± 0.00  completion=0%  max_x_avg=180
  [eval @ 155,000] reward= -165.00± 0.00  completion=0%  max_x_avg=290
  [eval @ 160,000] reward= +137.00± 0.00  completion=0%  max_x_avg=198
  [eval @ 165,000] reward= +137.00± 0.00  completion=0%  max_x_avg=198
  [eval @ 170,000] reward= +137.00± 0.00  completion=0%  max_x_avg=198
  [eval @ 175,000] reward= +137.00± 0.00  completion=0%  max_x_avg=198
  [eval @ 180,000] reward= +137.00± 0.00  completion=0%  max_x_avg=198
  [eval @ 185,000] reward= +120.00± 0.00  completion=0%  max_x_avg=180
  [eval @ 190,000] reward= +137.00± 0.00  completion=0%  max_x_avg=198
  [eval @ 195,000] reward= +137.00± 0.00  completion=0%  max_x_avg=198
  [eval @ 200,000] reward= +137.00± 0.00  completion=0%  max_x_avg=198
  [eval @ 205,000] reward= +137.00± 0.00  completion=0%  max_x_avg=198
  [eval @ 210,000] reward= +137.00± 0.00  completion=0%  max_x_avg=198
  [eval @ 215,000] reward= +137.00± 0.00  completion=0%  max_x_avg=198
  [eval @ 220,000] reward= +137.00± 0.00  completion=0%  max_x_avg=198
  [eval @ 225,000] reward= +137.00± 0.00  completion=0%  max_x_avg=198
  [eval @ 230,000] reward=  -23.00± 0.00  completion=0%  max_x_avg=47
  [eval @ 235,000] reward= +137.00± 0.00  completion=0%  max_x_avg=198
  [eval @ 240,000] reward=  -30.00± 0.00  completion=0%  max_x_avg=40
  [eval @ 245,000] reward=  -30.00± 0.00  completion=0%  max_x_avg=40
  [eval @ 250,000] reward= +137.00± 0.00  completion=0%  max_x_avg=198
  [eval @ 255,000] reward= +120.00± 0.00  completion=0%  max_x_avg=180
  [eval @ 260,000] reward= -197.00± 0.00  completion=0%  max_x_avg=258
  [eval @ 265,000] reward= +120.00± 0.00  completion=0%  max_x_avg=180
  [eval @ 270,000] reward= +120.00± 0.00  completion=0%  max_x_avg=180
  [eval @ 275,000] reward= -197.00± 0.00  completion=0%  max_x_avg=258
  [eval @ 280,000] reward= -197.00± 0.00  completion=0%  max_x_avg=258
  [eval @ 285,000] reward=  -30.00± 0.00  completion=0%  max_x_avg=40
  [eval @ 290,000] reward=  -30.00± 0.00  completion=0%  max_x_avg=40
  [eval @ 295,000] reward=  -30.00± 0.00  completion=0%  max_x_avg=40
  [eval @ 300,000] reward=  -30.00± 0.00  completion=0%  max_x_avg=40
  [eval @ 305,000] reward=  +47.00± 0.00  completion=0%  max_x_avg=112
  [eval @ 310,000] reward=  -30.00± 0.00  completion=0%  max_x_avg=40
  [eval @ 315,000] reward=  -30.00± 0.00  completion=0%  max_x_avg=40
  [eval @ 320,000] reward=  -30.00± 0.00  completion=0%  max_x_avg=40
  [eval @ 325,000] reward=  -30.00± 0.00  completion=0%  max_x_avg=40
  [eval @ 330,000] reward= +120.00± 0.00  completion=0%  max_x_avg=180
  [eval @ 335,000] reward= +137.00± 0.00  completion=0%  max_x_avg=198
  [eval @ 340,000] reward= +137.00± 0.00  completion=0%  max_x_avg=198
  [eval @ 345,000] reward= +137.00± 0.00  completion=0%  max_x_avg=198
  [eval @ 350,000] reward= +137.00± 0.00  completion=0%  max_x_avg=198
  [eval @ 355,000] reward= +137.00± 0.00  completion=0%  max_x_avg=198
  [eval @ 360,000] reward= +137.00± 0.00  completion=0%  max_x_avg=198
  [eval @ 365,000] reward= +137.00± 0.00  completion=0%  max_x_avg=198
  [eval @ 370,000] reward= +137.00± 0.00  completion=0%  max_x_avg=198
  [eval @ 375,000] reward= +137.00± 0.00  completion=0%  max_x_avg=198
  [eval @ 380,000] reward= -197.00± 0.00  completion=0%  max_x_avg=259
  [eval @ 385,000] reward= +137.00± 0.00  completion=0%  max_x_avg=198
  [eval @ 390,000] reward= -197.00± 0.00  completion=0%  max_x_avg=259
  [eval @ 395,000] reward= -197.00± 0.00  completion=0%  max_x_avg=259
  [eval @ 400,000] reward= +196.00± 0.00  completion=0%  max_x_avg=259
  [eval @ 405,000] reward= -197.00± 0.00  completion=0%  max_x_avg=259
  [eval @ 410,000] reward= -197.00± 0.00  completion=0%  max_x_avg=259
  [eval @ 415,000] reward= +137.00± 0.00  completion=0%  max_x_avg=198
  [eval @ 420,000] reward= -197.00± 0.00  completion=0%  max_x_avg=259
  [eval @ 425,000] reward= -197.00± 0.00  completion=0%  max_x_avg=259
  [eval @ 430,000] reward= -197.00± 0.00  completion=0%  max_x_avg=259
  [eval @ 435,000] reward= -197.00± 0.00  completion=0%  max_x_avg=259
  [eval @ 440,000] reward=  -30.00± 0.00  completion=0%  max_x_avg=40
  [eval @ 445,000] reward=  -30.00± 0.00  completion=0%  max_x_avg=40
  [eval @ 450,000] reward=  -30.00± 0.00  completion=0%  max_x_avg=40
  [eval @ 455,000] reward=  -30.00± 0.00  completion=0%  max_x_avg=40
  [eval @ 460,000] reward= +122.00± 0.00  completion=0%  max_x_avg=182
  [eval @ 465,000] reward=  -30.00± 0.00  completion=0%  max_x_avg=40
  [eval @ 470,000] reward=  +98.00± 0.00  completion=0%  max_x_avg=159
  [eval @ 475,000] reward= +135.00± 0.00  completion=0%  max_x_avg=195
  [eval @ 480,000] reward= +136.00± 0.00  completion=0%  max_x_avg=196
  [eval @ 485,000] reward= +130.00± 0.00  completion=0%  max_x_avg=189
  [eval @ 490,000] reward= +132.00± 0.00  completion=0%  max_x_avg=193
  [eval @ 495,000] reward= +133.00± 0.00  completion=0%  max_x_avg=193
  [eval @ 500,000] reward= +136.00± 0.00  completion=0%  max_x_avg=196
 100% ━━━━━━━━━━━━━━━━━━━━━━━━ 500,736/500,000  [ 0:42:23 < 0:00:00 , 325 it/s ]
✓ [PPO_stage1-2_seed2024] concluído em 42.4 min — modelo: /home/murilo/Documents/academico/unesp_cc/repos/unesp-paper-deep-reinforcement-learning-platform-2d-games/mario_drl_results/models/PPO_stage1-2_seed2024.zip

======================================================================
[7/12] PPO | stage 4-1 | seed 42
======================================================================

► [PPO_stage4-1_seed42] treinando (500,000 timesteps restantes, n_envs=8)
  [eval @   5,000] reward= -415.00± 0.00  completion=0%  max_x_avg=40
  [eval @  10,000] reward= -415.00± 0.00  completion=0%  max_x_avg=40
  [eval @  15,000] reward= -415.00± 0.00  completion=0%  max_x_avg=40
  [eval @  20,000] reward= +225.00± 0.00  completion=0%  max_x_avg=323
  [eval @  25,000] reward= +225.00± 0.00  completion=0%  max_x_avg=322
  [eval @  30,000] reward= +225.00± 0.00  completion=0%  max_x_avg=322
  [eval @  35,000] reward= +225.00± 0.00  completion=0%  max_x_avg=322
  [eval @  40,000] reward= +225.00± 0.00  completion=0%  max_x_avg=322
  [eval @  45,000] reward= +225.00± 0.00  completion=0%  max_x_avg=322
  [eval @  50,000] reward= +225.00± 0.00  completion=0%  max_x_avg=322
  [eval @  55,000] reward= +225.00± 0.00  completion=0%  max_x_avg=322
  [eval @  60,000] reward= +225.00± 0.00  completion=0%  max_x_avg=322
  [eval @  65,000] reward= +225.00± 0.00  completion=0%  max_x_avg=322
  [eval @  70,000] reward= +225.00± 0.00  completion=0%  max_x_avg=322
  [eval @  75,000] reward= -415.00± 0.00  completion=0%  max_x_avg=40
  [eval @  80,000] reward= +226.00± 0.00  completion=0%  max_x_avg=322
  [eval @  85,000] reward= +226.00± 0.00  completion=0%  max_x_avg=322
  [eval @  90,000] reward= +226.00± 0.00  completion=0%  max_x_avg=322
  [eval @  95,000] reward= +226.00± 0.00  completion=0%  max_x_avg=322
  [eval @ 100,000] reward= +335.00± 0.00  completion=0%  max_x_avg=408
  [eval @ 105,000] reward= +226.00± 0.00  completion=0%  max_x_avg=322
  [eval @ 110,000] reward= +226.00± 0.00  completion=0%  max_x_avg=322
  [eval @ 115,000] reward= +338.00± 0.00  completion=0%  max_x_avg=411
  [eval @ 120,000] reward= +226.00± 0.00  completion=0%  max_x_avg=322
  [eval @ 125,000] reward= +226.00± 0.00  completion=0%  max_x_avg=322
  [eval @ 130,000] reward= +226.00± 0.00  completion=0%  max_x_avg=322
  [eval @ 135,000] reward= -415.00± 0.00  completion=0%  max_x_avg=40
  [eval @ 140,000] reward= +224.00± 0.00  completion=0%  max_x_avg=322
  [eval @ 145,000] reward= +210.00± 0.00  completion=0%  max_x_avg=322
  [eval @ 150,000] reward= +210.00± 0.00  completion=0%  max_x_avg=322
  [eval @ 155,000] reward= +225.00± 0.00  completion=0%  max_x_avg=324
  [eval @ 160,000] reward= +223.00± 0.00  completion=0%  max_x_avg=323
  [eval @ 165,000] reward= +399.00± 0.00  completion=0%  max_x_avg=466
  [eval @ 170,000] reward= +226.00± 0.00  completion=0%  max_x_avg=322
  [eval @ 175,000] reward= +226.00± 0.00  completion=0%  max_x_avg=322
  [eval @ 180,000] reward= +470.00± 0.00  completion=0%  max_x_avg=536
  [eval @ 185,000] reward= -415.00± 0.00  completion=0%  max_x_avg=40
  [eval @ 190,000] reward= -415.00± 0.00  completion=0%  max_x_avg=40
  [eval @ 195,000] reward= -415.00± 0.00  completion=0%  max_x_avg=40
  [eval @ 200,000] reward= +225.00± 0.00  completion=0%  max_x_avg=322
  [eval @ 205,000] reward= +225.00± 0.00  completion=0%  max_x_avg=322
  [eval @ 210,000] reward= +225.00± 0.00  completion=0%  max_x_avg=322
  [eval @ 215,000] reward= +225.00± 0.00  completion=0%  max_x_avg=322
  [eval @ 220,000] reward= +225.00± 0.00  completion=0%  max_x_avg=322
  [eval @ 225,000] reward= +225.00± 0.00  completion=0%  max_x_avg=322
  [eval @ 230,000] reward= +225.00± 0.00  completion=0%  max_x_avg=322
  [eval @ 235,000] reward= +225.00± 0.00  completion=0%  max_x_avg=322
  [eval @ 240,000] reward= -415.00± 0.00  completion=0%  max_x_avg=40
  [eval @ 245,000] reward= +225.00± 0.00  completion=0%  max_x_avg=322
  [eval @ 250,000] reward= -455.00± 0.00  completion=0%  max_x_avg=41
  [eval @ 255,000] reward= +223.00± 0.00  completion=0%  max_x_avg=323
  [eval @ 260,000] reward= +223.00± 0.00  completion=0%  max_x_avg=323
  [eval @ 265,000] reward= +223.00± 0.00  completion=0%  max_x_avg=323
  [eval @ 270,000] reward= +223.00± 0.00  completion=0%  max_x_avg=323
  [eval @ 275,000] reward= +225.00± 0.00  completion=0%  max_x_avg=322
  [eval @ 280,000] reward= -415.00± 0.00  completion=0%  max_x_avg=40
  [eval @ 285,000] reward= -275.00± 0.00  completion=0%  max_x_avg=202
  [eval @ 290,000] reward= +226.00± 0.00  completion=0%  max_x_avg=322
  [eval @ 295,000] reward= +330.00± 0.00  completion=0%  max_x_avg=404
  [eval @ 300,000] reward= +399.00± 0.00  completion=0%  max_x_avg=466
  [eval @ 305,000] reward= +399.00± 0.00  completion=0%  max_x_avg=467
  [eval @ 310,000] reward= +223.00± 0.00  completion=0%  max_x_avg=323
  [eval @ 315,000] reward= -455.00± 0.00  completion=0%  max_x_avg=39
  [eval @ 320,000] reward= +223.00± 0.00  completion=0%  max_x_avg=323
  [eval @ 325,000] reward= +223.00± 0.00  completion=0%  max_x_avg=323
  [eval @ 330,000] reward= +235.00± 0.00  completion=0%  max_x_avg=322
  [eval @ 335,000] reward= +223.00± 0.00  completion=0%  max_x_avg=323
  [eval @ 340,000] reward= +224.00± 0.00  completion=0%  max_x_avg=322
  [eval @ 345,000] reward= +223.00± 0.00  completion=0%  max_x_avg=323
  [eval @ 350,000] reward= +231.00± 0.00  completion=0%  max_x_avg=322
  [eval @ 355,000] reward= -415.00± 0.00  completion=0%  max_x_avg=40
  [eval @ 360,000] reward= +222.00± 0.00  completion=0%  max_x_avg=322
  [eval @ 365,000] reward= -415.00± 0.00  completion=0%  max_x_avg=40
  [eval @ 370,000] reward= -415.00± 0.00  completion=0%  max_x_avg=40
  [eval @ 375,000] reward= +225.00± 0.00  completion=0%  max_x_avg=322
  [eval @ 380,000] reward= +225.00± 0.00  completion=0%  max_x_avg=322
  [eval @ 385,000] reward= +225.00± 0.00  completion=0%  max_x_avg=322
  [eval @ 390,000] reward= +225.00± 0.00  completion=0%  max_x_avg=322
  [eval @ 395,000] reward= +225.00± 0.00  completion=0%  max_x_avg=322
  [eval @ 400,000] reward= -409.00± 0.00  completion=0%  max_x_avg=46
  [eval @ 405,000] reward= +224.00± 0.00  completion=0%  max_x_avg=322
  [eval @ 410,000] reward= +225.00± 0.00  completion=0%  max_x_avg=322
  [eval @ 415,000] reward= +226.00± 0.00  completion=0%  max_x_avg=322
  [eval @ 420,000] reward= -257.00± 0.00  completion=0%  max_x_avg=198
  [eval @ 425,000] reward= -415.00± 0.00  completion=0%  max_x_avg=40
  [eval @ 430,000] reward= -415.00± 0.00  completion=0%  max_x_avg=40
  [eval @ 435,000] reward= -267.00± 0.00  completion=0%  max_x_avg=188
  [eval @ 440,000] reward= +223.00± 0.00  completion=0%  max_x_avg=323
  [eval @ 445,000] reward= -313.00± 0.00  completion=0%  max_x_avg=142
  [eval @ 450,000] reward= -415.00± 0.00  completion=0%  max_x_avg=40
  [eval @ 455,000] reward= +226.00± 0.00  completion=0%  max_x_avg=322
  [eval @ 460,000] reward= +225.00± 0.00  completion=0%  max_x_avg=322
  [eval @ 465,000] reward= +225.00± 0.00  completion=0%  max_x_avg=322
  [eval @ 470,000] reward= +401.00± 0.00  completion=0%  max_x_avg=471
  [eval @ 475,000] reward= -252.00± 0.00  completion=0%  max_x_avg=203
  [eval @ 480,000] reward= +375.00± 0.00  completion=0%  max_x_avg=442
  [eval @ 485,000] reward= +222.00± 0.00  completion=0%  max_x_avg=322
  [eval @ 490,000] reward= -415.00± 0.00  completion=0%  max_x_avg=40
  [eval @ 495,000] reward= +469.00± 0.00  completion=0%  max_x_avg=536
  [eval @ 500,000] reward= +225.00± 0.00  completion=0%  max_x_avg=322
 100% ━━━━━━━━━━━━━━━━━━━━━━━━ 500,736/500,000  [ 1:22:13 < 0:00:00 , 186 it/s ]
✓ [PPO_stage4-1_seed42] concluído em 82.3 min — modelo: /home/murilo/Documents/academico/unesp_cc/repos/unesp-paper-deep-reinforcement-learning-platform-2d-games/mario_drl_results/models/PPO_stage4-1_seed42.zip

======================================================================
[8/12] PPO | stage 4-1 | seed 123
======================================================================

► [PPO_stage4-1_seed123] treinando (500,000 timesteps restantes, n_envs=8)
  [eval @   5,000] reward= +223.00± 0.00  completion=0%  max_x_avg=323
  [eval @  10,000] reward= +223.00± 0.00  completion=0%  max_x_avg=323
  [eval @  15,000] reward= +223.00± 0.00  completion=0%  max_x_avg=323
  [eval @  20,000] reward= +223.00± 0.00  completion=0%  max_x_avg=323
  [eval @  25,000] reward= -455.00± 0.00  completion=0%  max_x_avg=39
  [eval @  30,000] reward= +223.00± 0.00  completion=0%  max_x_avg=323
  [eval @  35,000] reward= -415.00± 0.00  completion=0%  max_x_avg=40
  [eval @  40,000] reward= -415.00± 0.00  completion=0%  max_x_avg=40
  [eval @  45,000] reward= -415.00± 0.00  completion=0%  max_x_avg=40
  [eval @  50,000] reward= +225.00± 0.00  completion=0%  max_x_avg=323
  [eval @  55,000] reward= +226.00± 0.00  completion=0%  max_x_avg=322
  [eval @  60,000] reward= +226.00± 0.00  completion=0%  max_x_avg=322
  [eval @  65,000] reward= +226.00± 0.00  completion=0%  max_x_avg=322
  [eval @  70,000] reward= +226.00± 0.00  completion=0%  max_x_avg=322
  [eval @  75,000] reward= +226.00± 0.00  completion=0%  max_x_avg=322
  [eval @  80,000] reward= +226.00± 0.00  completion=0%  max_x_avg=322
  [eval @  85,000] reward= +225.00± 0.00  completion=0%  max_x_avg=324
  [eval @  90,000] reward= +223.00± 0.00  completion=0%  max_x_avg=323
  [eval @  95,000] reward= +223.00± 0.00  completion=0%  max_x_avg=322
  [eval @ 100,000] reward= +223.00± 0.00  completion=0%  max_x_avg=323
  [eval @ 105,000] reward= +223.00± 0.00  completion=0%  max_x_avg=323
  [eval @ 110,000] reward= +223.00± 0.00  completion=0%  max_x_avg=323
  [eval @ 115,000] reward= -415.00± 0.00  completion=0%  max_x_avg=40
  [eval @ 120,000] reward= +211.00± 0.00  completion=0%  max_x_avg=323
  [eval @ 125,000] reward= +226.00± 0.00  completion=0%  max_x_avg=322
  [eval @ 130,000] reward= +330.00± 0.00  completion=0%  max_x_avg=413
  [eval @ 135,000] reward= -394.00± 0.00  completion=0%  max_x_avg=61
  [eval @ 140,000] reward= -415.00± 0.00  completion=0%  max_x_avg=40
  [eval @ 145,000] reward= -415.00± 0.00  completion=0%  max_x_avg=40
  [eval @ 150,000] reward= -415.00± 0.00  completion=0%  max_x_avg=40
  [eval @ 155,000] reward= +192.00± 0.00  completion=0%  max_x_avg=289
  [eval @ 160,000] reward= +209.00± 0.00  completion=0%  max_x_avg=322
  [eval @ 165,000] reward= -241.00± 0.00  completion=0%  max_x_avg=214
  [eval @ 170,000] reward= +223.00± 0.00  completion=0%  max_x_avg=322
  [eval @ 175,000] reward= +223.00± 0.00  completion=0%  max_x_avg=323
  [eval @ 180,000] reward= +225.00± 0.00  completion=0%  max_x_avg=322
  [eval @ 185,000] reward= +327.00± 0.00  completion=0%  max_x_avg=401
  [eval @ 190,000] reward= +226.00± 0.00  completion=0%  max_x_avg=322
  [eval @ 195,000] reward= -255.00± 0.00  completion=0%  max_x_avg=200
  [eval @ 200,000] reward= -194.00± 0.00  completion=0%  max_x_avg=261
  [eval @ 205,000] reward= +223.00± 0.00  completion=0%  max_x_avg=323
  [eval @ 210,000] reward= +211.00± 0.00  completion=0%  max_x_avg=323
  [eval @ 215,000] reward= +226.00± 0.00  completion=0%  max_x_avg=322
  [eval @ 220,000] reward= +226.00± 0.00  completion=0%  max_x_avg=322
  [eval @ 225,000] reward= +226.00± 0.00  completion=0%  max_x_avg=322
  [eval @ 230,000] reward= +226.00± 0.00  completion=0%  max_x_avg=322
  [eval @ 235,000] reward= +226.00± 0.00  completion=0%  max_x_avg=322
  [eval @ 240,000] reward= +406.00± 0.00  completion=0%  max_x_avg=473
  [eval @ 245,000] reward= +225.00± 0.00  completion=0%  max_x_avg=322
  [eval @ 250,000] reward= +226.00± 0.00  completion=0%  max_x_avg=322
  [eval @ 255,000] reward= +226.00± 0.00  completion=0%  max_x_avg=322
  [eval @ 260,000] reward= +226.00± 0.00  completion=0%  max_x_avg=322
  [eval @ 265,000] reward= +226.00± 0.00  completion=0%  max_x_avg=322
  [eval @ 270,000] reward= +226.00± 0.00  completion=0%  max_x_avg=322
  [eval @ 275,000] reward= +321.00± 0.00  completion=0%  max_x_avg=401
  [eval @ 280,000] reward= +392.00± 0.00  completion=0%  max_x_avg=461
  [eval @ 285,000] reward= +403.00± 0.00  completion=0%  max_x_avg=472
  [eval @ 290,000] reward= +390.00± 0.00  completion=0%  max_x_avg=459
  [eval @ 295,000] reward= +226.00± 0.00  completion=0%  max_x_avg=322
  [eval @ 300,000] reward= -304.00± 0.00  completion=0%  max_x_avg=151
  [eval @ 305,000] reward= +415.00± 0.00  completion=0%  max_x_avg=482
  [eval @ 310,000] reward= +469.00± 0.00  completion=0%  max_x_avg=536
  [eval @ 315,000] reward= +470.00± 0.00  completion=0%  max_x_avg=536
  [eval @ 320,000] reward= +237.00± 0.00  completion=0%  max_x_avg=322
  [eval @ 325,000] reward= +465.00± 0.00  completion=0%  max_x_avg=531
  [eval @ 330,000] reward= +223.00± 0.00  completion=0%  max_x_avg=323
  [eval @ 335,000] reward= +223.00± 0.00  completion=0%  max_x_avg=323
  [eval @ 340,000] reward= -415.00± 0.00  completion=0%  max_x_avg=40
  [eval @ 345,000] reward= +223.00± 0.00  completion=0%  max_x_avg=323
  [eval @ 350,000] reward= +223.00± 0.00  completion=0%  max_x_avg=323
  [eval @ 355,000] reward= +223.00± 0.00  completion=0%  max_x_avg=323
  [eval @ 360,000] reward= +224.00± 0.00  completion=0%  max_x_avg=323
  [eval @ 365,000] reward= +207.00± 0.00  completion=0%  max_x_avg=322
  [eval @ 370,000] reward= -415.00± 0.00  completion=0%  max_x_avg=40
  [eval @ 375,000] reward= +477.00± 0.00  completion=0%  max_x_avg=544
  [eval @ 380,000] reward= +224.00± 0.00  completion=0%  max_x_avg=322
  [eval @ 385,000] reward= +225.00± 0.00  completion=0%  max_x_avg=322
  [eval @ 390,000] reward= +225.00± 0.00  completion=0%  max_x_avg=322
  [eval @ 395,000] reward= +225.00± 0.00  completion=0%  max_x_avg=322
  [eval @ 400,000] reward= +471.00± 0.00  completion=0%  max_x_avg=537
  [eval @ 405,000] reward=+1227.00± 0.00  completion=0%  max_x_avg=1307
  [eval @ 410,000] reward= +405.00± 0.00  completion=0%  max_x_avg=472
  [eval @ 415,000] reward= +223.00± 0.00  completion=0%  max_x_avg=323
  [eval @ 420,000] reward= +223.00± 0.00  completion=0%  max_x_avg=323
  [eval @ 425,000] reward=+1179.00± 0.00  completion=0%  max_x_avg=1634
  [eval @ 430,000] reward= +285.00± 0.00  completion=0%  max_x_avg=379
  [eval @ 435,000] reward= +226.00± 0.00  completion=0%  max_x_avg=322
  [eval @ 440,000] reward=+1543.00± 0.00  completion=0%  max_x_avg=1843
  [eval @ 445,000] reward=+1738.00± 0.00  completion=0%  max_x_avg=1842
  [eval @ 450,000] reward= -415.00± 0.00  completion=0%  max_x_avg=40
  [eval @ 455,000] reward= +225.00± 0.00  completion=0%  max_x_avg=322
  [eval @ 460,000] reward= +469.00± 0.00  completion=0%  max_x_avg=536
  [eval @ 465,000] reward= +378.00± 0.00  completion=0%  max_x_avg=448
  [eval @ 470,000] reward=+1179.00± 0.00  completion=0%  max_x_avg=1634
  [eval @ 475,000] reward=+1735.00± 0.00  completion=0%  max_x_avg=1842
  [eval @ 480,000] reward= +235.00± 0.00  completion=0%  max_x_avg=322
  [eval @ 485,000] reward= +224.00± 0.00  completion=0%  max_x_avg=322
  [eval @ 490,000] reward= +225.00± 0.00  completion=0%  max_x_avg=322
  [eval @ 495,000] reward= +224.00± 0.00  completion=0%  max_x_avg=322
  [eval @ 500,000] reward= +225.00± 0.00  completion=0%  max_x_avg=322
 100% ━━━━━━━━━━━━━━━━━━━━━━━━ 500,736/500,000  [ 0:57:34 < 0:00:00 , 213 it/s ]
✓ [PPO_stage4-1_seed123] concluído em 57.6 min — modelo: /home/murilo/Documents/academico/unesp_cc/repos/unesp-paper-deep-reinforcement-learning-platform-2d-games/mario_drl_results/models/PPO_stage4-1_seed123.zip

======================================================================
[9/12] PPO | stage 4-1 | seed 2024
======================================================================

► [PPO_stage4-1_seed2024] treinando (500,000 timesteps restantes, n_envs=8)
  [eval @   5,000] reward= -455.00± 0.00  completion=0%  max_x_avg=39
  [eval @  10,000] reward= -455.00± 0.00  completion=0%  max_x_avg=39
  [eval @  15,000] reward= -455.00± 0.00  completion=0%  max_x_avg=39
  [eval @  20,000] reward= +223.00± 0.00  completion=0%  max_x_avg=323
  [eval @  25,000] reward= +226.00± 0.00  completion=0%  max_x_avg=322
  [eval @  30,000] reward= -289.00± 0.00  completion=0%  max_x_avg=166
  [eval @  35,000] reward= +226.00± 0.00  completion=0%  max_x_avg=322
  [eval @  40,000] reward= +226.00± 0.00  completion=0%  max_x_avg=322
  [eval @  45,000] reward= +226.00± 0.00  completion=0%  max_x_avg=322
  [eval @  50,000] reward= +226.00± 0.00  completion=0%  max_x_avg=322
  [eval @  55,000] reward= +223.00± 0.00  completion=0%  max_x_avg=323
  [eval @  60,000] reward= -415.00± 0.00  completion=0%  max_x_avg=40
  [eval @  65,000] reward= +223.00± 0.00  completion=0%  max_x_avg=323
  [eval @  70,000] reward= +223.00± 0.00  completion=0%  max_x_avg=323
  [eval @  75,000] reward= +223.00± 0.00  completion=0%  max_x_avg=323
  [eval @  80,000] reward= +223.00± 0.00  completion=0%  max_x_avg=323
  [eval @  85,000] reward= +223.00± 0.00  completion=0%  max_x_avg=323
  [eval @  90,000] reward= +223.00± 0.00  completion=0%  max_x_avg=323
  [eval @  95,000] reward= +223.00± 0.00  completion=0%  max_x_avg=323
  [eval @ 100,000] reward= -391.00± 0.00  completion=0%  max_x_avg=64
  [eval @ 105,000] reward= +226.00± 0.00  completion=0%  max_x_avg=322
  [eval @ 110,000] reward= +226.00± 0.00  completion=0%  max_x_avg=322
  [eval @ 115,000] reward= +225.00± 0.00  completion=0%  max_x_avg=322
  [eval @ 120,000] reward=+1223.00± 0.00  completion=0%  max_x_avg=1306
  [eval @ 125,000] reward= -415.00± 0.00  completion=0%  max_x_avg=40
  [eval @ 130,000] reward= -415.00± 0.00  completion=0%  max_x_avg=40
  [eval @ 135,000] reward= +226.00± 0.00  completion=0%  max_x_avg=322
  [eval @ 140,000] reward= +472.00± 0.00  completion=0%  max_x_avg=537
  [eval @ 145,000] reward= +210.00± 0.00  completion=0%  max_x_avg=322
  [eval @ 150,000] reward= +223.00± 0.00  completion=0%  max_x_avg=323
  [eval @ 155,000] reward= +223.00± 0.00  completion=0%  max_x_avg=323
  [eval @ 160,000] reward= +223.00± 0.00  completion=0%  max_x_avg=323
  [eval @ 165,000] reward= +226.00± 0.00  completion=0%  max_x_avg=322
  [eval @ 170,000] reward= +225.00± 0.00  completion=0%  max_x_avg=322
  [eval @ 175,000] reward= +467.00± 0.00  completion=0%  max_x_avg=538
  [eval @ 180,000] reward= -415.00± 0.00  completion=0%  max_x_avg=40
  [eval @ 185,000] reward=+2017.00± 0.00  completion=0%  max_x_avg=2112
  [eval @ 190,000] reward= +470.00± 0.00  completion=0%  max_x_avg=536
  [eval @ 195,000] reward= +317.00± 0.00  completion=0%  max_x_avg=402
  [eval @ 200,000] reward= +226.00± 0.00  completion=0%  max_x_avg=322
  [eval @ 205,000] reward= +226.00± 0.00  completion=0%  max_x_avg=322
  [eval @ 210,000] reward= +226.00± 0.00  completion=0%  max_x_avg=322
  [eval @ 215,000] reward= +226.00± 0.00  completion=0%  max_x_avg=322
  [eval @ 220,000] reward= +226.00± 0.00  completion=0%  max_x_avg=322
  [eval @ 225,000] reward= -380.00± 0.00  completion=0%  max_x_avg=75
  [eval @ 230,000] reward= +208.00± 0.00  completion=0%  max_x_avg=304
  [eval @ 235,000] reward= -415.00± 0.00  completion=0%  max_x_avg=40
  [eval @ 240,000] reward=+1227.00± 0.00  completion=0%  max_x_avg=1307
  [eval @ 245,000] reward= +226.00± 0.00  completion=0%  max_x_avg=322
  [eval @ 250,000] reward= +226.00± 0.00  completion=0%  max_x_avg=322
  [eval @ 255,000] reward= +226.00± 0.00  completion=0%  max_x_avg=322
  [eval @ 260,000] reward= +226.00± 0.00  completion=0%  max_x_avg=322
  [eval @ 265,000] reward= +324.00± 0.00  completion=0%  max_x_avg=405
  [eval @ 270,000] reward= +404.00± 0.00  completion=0%  max_x_avg=472
  [eval @ 275,000] reward= +226.00± 0.00  completion=0%  max_x_avg=322
  [eval @ 280,000] reward= +403.00± 0.00  completion=0%  max_x_avg=470
  [eval @ 285,000] reward= +398.00± 0.00  completion=0%  max_x_avg=465
  [eval @ 290,000] reward= +404.00± 0.00  completion=0%  max_x_avg=472
  [eval @ 295,000] reward= +470.00± 0.00  completion=0%  max_x_avg=537
  [eval @ 300,000] reward= +400.00± 0.00  completion=0%  max_x_avg=468
  [eval @ 305,000] reward= +395.00± 0.00  completion=0%  max_x_avg=465
  [eval @ 310,000] reward= +223.00± 0.00  completion=0%  max_x_avg=323
  [eval @ 315,000] reward= +223.00± 0.00  completion=0%  max_x_avg=323
  [eval @ 320,000] reward= +223.00± 0.00  completion=0%  max_x_avg=323
  [eval @ 325,000] reward= +223.00± 0.00  completion=0%  max_x_avg=323
  [eval @ 330,000] reward= -380.00± 0.00  completion=0%  max_x_avg=75
  [eval @ 335,000] reward= +223.00± 0.00  completion=0%  max_x_avg=323
  [eval @ 340,000] reward= +225.00± 0.00  completion=0%  max_x_avg=322
  [eval @ 345,000] reward= +225.00± 0.00  completion=0%  max_x_avg=322
  [eval @ 350,000] reward= -455.00± 0.00  completion=0%  max_x_avg=39
  [eval @ 355,000] reward= -391.00± 0.00  completion=0%  max_x_avg=64
  [eval @ 360,000] reward=+2017.00± 0.00  completion=0%  max_x_avg=2110
  [eval @ 365,000] reward= -409.00± 0.00  completion=0%  max_x_avg=46
  [eval @ 370,000] reward= +225.00± 0.00  completion=0%  max_x_avg=322
  [eval @ 375,000] reward= +225.00± 0.00  completion=0%  max_x_avg=322
  [eval @ 380,000] reward= +212.00± 0.00  completion=0%  max_x_avg=322
  [eval @ 385,000] reward= -455.00± 0.00  completion=0%  max_x_avg=39
  [eval @ 390,000] reward= +225.00± 0.00  completion=0%  max_x_avg=322
  [eval @ 395,000] reward= -455.00± 0.00  completion=0%  max_x_avg=39
  [eval @ 400,000] reward= -455.00± 0.00  completion=0%  max_x_avg=39
  [eval @ 405,000] reward= -455.00± 0.00  completion=0%  max_x_avg=39
  [eval @ 410,000] reward= -455.00± 0.00  completion=0%  max_x_avg=39
  [eval @ 415,000] reward= +226.00± 0.00  completion=0%  max_x_avg=322
  [eval @ 420,000] reward= +341.00± 0.00  completion=0%  max_x_avg=425
  [eval @ 425,000] reward= +398.00± 0.00  completion=0%  max_x_avg=465
  [eval @ 430,000] reward= +342.00± 0.00  completion=0%  max_x_avg=426
  [eval @ 435,000] reward= +226.00± 0.00  completion=0%  max_x_avg=322
  [eval @ 440,000] reward= +330.00± 0.00  completion=0%  max_x_avg=412
  [eval @ 445,000] reward= +320.00± 0.00  completion=0%  max_x_avg=401
  [eval @ 450,000] reward= -415.00± 0.00  completion=0%  max_x_avg=40
  [eval @ 455,000] reward= +468.00± 0.00  completion=0%  max_x_avg=532
  [eval @ 460,000] reward= +225.00± 0.00  completion=0%  max_x_avg=322
  [eval @ 465,000] reward= +470.00± 0.00  completion=0%  max_x_avg=536
  [eval @ 470,000] reward= +470.00± 0.00  completion=0%  max_x_avg=536
  [eval @ 475,000] reward= +225.00± 0.00  completion=0%  max_x_avg=322
  [eval @ 480,000] reward= +225.00± 0.00  completion=0%  max_x_avg=323
  [eval @ 485,000] reward= +226.00± 0.00  completion=0%  max_x_avg=322
  [eval @ 490,000] reward= +276.00± 0.00  completion=0%  max_x_avg=339
  [eval @ 495,000] reward= +225.00± 0.00  completion=0%  max_x_avg=322
  [eval @ 500,000] reward= +471.00± 0.00  completion=0%  max_x_avg=538
 100% ━━━━━━━━━━━━━━━━━━━━━━━━ 500,736/500,000  [ 0:52:06 < 0:00:00 , 312 it/s ]
✓ [PPO_stage4-1_seed2024] concluído em 52.1 min — modelo: /home/murilo/Documents/academico/unesp_cc/repos/unesp-paper-deep-reinforcement-learning-platform-2d-games/mario_drl_results/models/PPO_stage4-1_seed2024.zip

======================================================================
[10/12] PPO | stage 8-1 | seed 42
======================================================================

► [PPO_stage8-1_seed42] treinando (500,000 timesteps restantes, n_envs=8)
  [eval @   5,000] reward=  -33.00± 0.00  completion=0%  max_x_avg=40
  [eval @  10,000] reward=  -33.00± 0.00  completion=0%  max_x_avg=40
  [eval @  15,000] reward=  -33.00± 0.00  completion=0%  max_x_avg=40
  [eval @  20,000] reward= +143.00± 0.00  completion=0%  max_x_avg=205
  [eval @  25,000] reward=  -33.00± 0.00  completion=0%  max_x_avg=40
  [eval @  30,000] reward=  -33.00± 0.00  completion=0%  max_x_avg=40
  [eval @  35,000] reward=  -33.00± 0.00  completion=0%  max_x_avg=40
  [eval @  40,000] reward=  -33.00± 0.00  completion=0%  max_x_avg=40
  [eval @  45,000] reward=   +4.00± 0.00  completion=0%  max_x_avg=75
  [eval @  50,000] reward=  -33.00± 0.00  completion=0%  max_x_avg=40
  [eval @  55,000] reward=  -33.00± 0.00  completion=0%  max_x_avg=40
  [eval @  60,000] reward=  -33.00± 0.00  completion=0%  max_x_avg=40
  [eval @  65,000] reward=  -33.00± 0.00  completion=0%  max_x_avg=40
  [eval @  70,000] reward= +147.00± 0.00  completion=0%  max_x_avg=208
  [eval @  75,000] reward= +147.00± 0.00  completion=0%  max_x_avg=208
  [eval @  80,000] reward= +147.00± 0.00  completion=0%  max_x_avg=208
  [eval @  85,000] reward= +147.00± 0.00  completion=0%  max_x_avg=208
  [eval @  90,000] reward= +147.00± 0.00  completion=0%  max_x_avg=208
  [eval @  95,000] reward= +162.00± 0.00  completion=0%  max_x_avg=224
  [eval @ 100,000] reward= +162.00± 0.00  completion=0%  max_x_avg=224
  [eval @ 105,000] reward= +162.00± 0.00  completion=0%  max_x_avg=224
  [eval @ 110,000] reward= +148.00± 0.00  completion=0%  max_x_avg=208
  [eval @ 115,000] reward= +191.00± 0.00  completion=0%  max_x_avg=546
  [eval @ 120,000] reward= +147.00± 0.00  completion=0%  max_x_avg=208
  [eval @ 125,000] reward=  -33.00± 0.00  completion=0%  max_x_avg=40
  [eval @ 130,000] reward=  +43.00± 0.00  completion=0%  max_x_avg=111
  [eval @ 135,000] reward=  +96.00± 0.00  completion=0%  max_x_avg=160
  [eval @ 140,000] reward=  -33.00± 0.00  completion=0%  max_x_avg=40
  [eval @ 145,000] reward=  -33.00± 0.00  completion=0%  max_x_avg=40
  [eval @ 150,000] reward=  -33.00± 0.00  completion=0%  max_x_avg=40
  [eval @ 155,000] reward=  -33.00± 0.00  completion=0%  max_x_avg=40
  [eval @ 160,000] reward=  -33.00± 0.00  completion=0%  max_x_avg=40
  [eval @ 165,000] reward= +170.00± 0.00  completion=0%  max_x_avg=231
  [eval @ 170,000] reward= +170.00± 0.00  completion=0%  max_x_avg=231
  [eval @ 175,000] reward= +170.00± 0.00  completion=0%  max_x_avg=231
  [eval @ 180,000] reward= +170.00± 0.00  completion=0%  max_x_avg=231
  [eval @ 185,000] reward= +170.00± 0.00  completion=0%  max_x_avg=231
  [eval @ 190,000] reward= +170.00± 0.00  completion=0%  max_x_avg=231
  [eval @ 195,000] reward= +277.00± 0.00  completion=0%  max_x_avg=341
  [eval @ 200,000] reward= +162.00± 0.00  completion=0%  max_x_avg=224
  [eval @ 205,000] reward= +162.00± 0.00  completion=0%  max_x_avg=224
  [eval @ 210,000] reward= +162.00± 0.00  completion=0%  max_x_avg=224
  [eval @ 215,000] reward= +162.00± 0.00  completion=0%  max_x_avg=224
  [eval @ 220,000] reward= +162.00± 0.00  completion=0%  max_x_avg=224
  [eval @ 225,000] reward= +147.00± 0.00  completion=0%  max_x_avg=208
  [eval @ 230,000] reward=  -33.00± 0.00  completion=0%  max_x_avg=40
  [eval @ 235,000] reward=  -33.00± 0.00  completion=0%  max_x_avg=40
  [eval @ 240,000] reward= +162.00± 0.00  completion=0%  max_x_avg=224
  [eval @ 245,000] reward= +162.00± 0.00  completion=0%  max_x_avg=224
  [eval @ 250,000] reward= +162.00± 0.00  completion=0%  max_x_avg=224
  [eval @ 255,000] reward= +162.00± 0.00  completion=0%  max_x_avg=224
  [eval @ 260,000] reward= +162.00± 0.00  completion=0%  max_x_avg=224
  [eval @ 265,000] reward= +162.00± 0.00  completion=0%  max_x_avg=224
  [eval @ 270,000] reward= +162.00± 0.00  completion=0%  max_x_avg=224
  [eval @ 275,000] reward= +162.00± 0.00  completion=0%  max_x_avg=224
  [eval @ 280,000] reward= +162.00± 0.00  completion=0%  max_x_avg=224
  [eval @ 285,000] reward= +162.00± 0.00  completion=0%  max_x_avg=224
  [eval @ 290,000] reward= +162.00± 0.00  completion=0%  max_x_avg=224
  [eval @ 295,000] reward= +147.00± 0.00  completion=0%  max_x_avg=208
  [eval @ 300,000] reward= +273.00± 0.00  completion=0%  max_x_avg=337
  [eval @ 305,000] reward=  -57.00± 0.00  completion=0%  max_x_avg=106
  [eval @ 310,000] reward= +162.00± 0.00  completion=0%  max_x_avg=224
  [eval @ 315,000] reward=  -77.00± 0.00  completion=0%  max_x_avg=39
  [eval @ 320,000] reward=  -77.00± 0.00  completion=0%  max_x_avg=39
  [eval @ 325,000] reward=  -77.00± 0.00  completion=0%  max_x_avg=39
  [eval @ 330,000] reward= +170.00± 0.00  completion=0%  max_x_avg=231
  [eval @ 335,000] reward= +170.00± 0.00  completion=0%  max_x_avg=231
  [eval @ 340,000] reward= +170.00± 0.00  completion=0%  max_x_avg=231
  [eval @ 345,000] reward= +170.00± 0.00  completion=0%  max_x_avg=231
  [eval @ 350,000] reward= +170.00± 0.00  completion=0%  max_x_avg=231
  [eval @ 355,000] reward=  -24.00± 0.00  completion=0%  max_x_avg=161
  [eval @ 360,000] reward= +147.00± 0.00  completion=0%  max_x_avg=208
  [eval @ 365,000] reward= +147.00± 0.00  completion=0%  max_x_avg=208
  [eval @ 370,000] reward= +147.00± 0.00  completion=0%  max_x_avg=208
  [eval @ 375,000] reward= +147.00± 0.00  completion=0%  max_x_avg=208
  [eval @ 380,000] reward= +263.00± 0.00  completion=0%  max_x_avg=328
  [eval @ 385,000] reward= +162.00± 0.00  completion=0%  max_x_avg=224
  [eval @ 390,000] reward= +162.00± 0.00  completion=0%  max_x_avg=224
  [eval @ 395,000] reward= +162.00± 0.00  completion=0%  max_x_avg=224
  [eval @ 400,000] reward= +162.00± 0.00  completion=0%  max_x_avg=224
  [eval @ 405,000] reward= +162.00± 0.00  completion=0%  max_x_avg=224
  [eval @ 410,000] reward= +165.00± 0.00  completion=0%  max_x_avg=227
  [eval @ 415,000] reward= +162.00± 0.00  completion=0%  max_x_avg=224
  [eval @ 420,000] reward= +162.00± 0.00  completion=0%  max_x_avg=224
  [eval @ 425,000] reward= +162.00± 0.00  completion=0%  max_x_avg=224
  [eval @ 430,000] reward= +162.00± 0.00  completion=0%  max_x_avg=224
  [eval @ 435,000] reward= +162.00± 0.00  completion=0%  max_x_avg=224
  [eval @ 440,000] reward= +162.00± 0.00  completion=0%  max_x_avg=224
  [eval @ 445,000] reward= +162.00± 0.00  completion=0%  max_x_avg=224
  [eval @ 450,000] reward= +148.00± 0.00  completion=0%  max_x_avg=210
  [eval @ 455,000] reward= +170.00± 0.00  completion=0%  max_x_avg=231
  [eval @ 460,000] reward=  -77.00± 0.00  completion=0%  max_x_avg=50
  [eval @ 465,000] reward= +162.00± 0.00  completion=0%  max_x_avg=224
  [eval @ 470,000] reward= +162.00± 0.00  completion=0%  max_x_avg=224
  [eval @ 475,000] reward= +162.00± 0.00  completion=0%  max_x_avg=224
  [eval @ 480,000] reward= +162.00± 0.00  completion=0%  max_x_avg=224
  [eval @ 485,000] reward= +162.00± 0.00  completion=0%  max_x_avg=224
  [eval @ 490,000] reward= +162.00± 0.00  completion=0%  max_x_avg=224
  [eval @ 495,000] reward= +162.00± 0.00  completion=0%  max_x_avg=224
  [eval @ 500,000] reward= +162.00± 0.00  completion=0%  max_x_avg=224
 100% ━━━━━━━━━━━━━━━━━━━━━━━━ 500,736/500,000  [ 0:20:55 < 0:00:00 , 438 it/s ]
✓ [PPO_stage8-1_seed42] concluído em 21.0 min — modelo: /home/murilo/Documents/academico/unesp_cc/repos/unesp-paper-deep-reinforcement-learning-platform-2d-games/mario_drl_results/models/PPO_stage8-1_seed42.zip

======================================================================
[11/12] PPO | stage 8-1 | seed 123
======================================================================

► [PPO_stage8-1_seed123] treinando (500,000 timesteps restantes, n_envs=8)
  [eval @   5,000] reward=  -33.00± 0.00  completion=0%  max_x_avg=40
  [eval @  10,000] reward=  -33.00± 0.00  completion=0%  max_x_avg=40
  [eval @  15,000] reward=  -33.00± 0.00  completion=0%  max_x_avg=40
  [eval @  20,000] reward=  -33.00± 0.00  completion=0%  max_x_avg=40
  [eval @  25,000] reward=  +81.00± 0.00  completion=0%  max_x_avg=146
  [eval @  30,000] reward=  -33.00± 0.00  completion=0%  max_x_avg=40
  [eval @  35,000] reward=  -33.00± 0.00  completion=0%  max_x_avg=40
  [eval @  40,000] reward= +147.00± 0.00  completion=0%  max_x_avg=208
  [eval @  45,000] reward= +147.00± 0.00  completion=0%  max_x_avg=208
  [eval @  50,000] reward=  -33.00± 0.00  completion=0%  max_x_avg=40
  [eval @  55,000] reward=  -33.00± 0.00  completion=0%  max_x_avg=40
  [eval @  60,000] reward= +147.00± 0.00  completion=0%  max_x_avg=208
  [eval @  65,000] reward= +147.00± 0.00  completion=0%  max_x_avg=208
  [eval @  70,000] reward= +147.00± 0.00  completion=0%  max_x_avg=208
  [eval @  75,000] reward= +147.00± 0.00  completion=0%  max_x_avg=208
  [eval @  80,000] reward= +147.00± 0.00  completion=0%  max_x_avg=208
  [eval @  85,000] reward= +147.00± 0.00  completion=0%  max_x_avg=208
  [eval @  90,000] reward= +147.00± 0.00  completion=0%  max_x_avg=208
  [eval @  95,000] reward= +147.00± 0.00  completion=0%  max_x_avg=208
  [eval @ 100,000] reward= +147.00± 0.00  completion=0%  max_x_avg=208
  [eval @ 105,000] reward= +147.00± 0.00  completion=0%  max_x_avg=208
  [eval @ 110,000] reward= +147.00± 0.00  completion=0%  max_x_avg=208
  [eval @ 115,000] reward= +147.00± 0.00  completion=0%  max_x_avg=208
  [eval @ 120,000] reward= +147.00± 0.00  completion=0%  max_x_avg=208
  [eval @ 125,000] reward= +147.00± 0.00  completion=0%  max_x_avg=208
  [eval @ 130,000] reward= +147.00± 0.00  completion=0%  max_x_avg=208
  [eval @ 135,000] reward= +147.00± 0.00  completion=0%  max_x_avg=208
  [eval @ 140,000] reward= +147.00± 0.00  completion=0%  max_x_avg=208
  [eval @ 145,000] reward= +147.00± 0.00  completion=0%  max_x_avg=208
  [eval @ 150,000] reward= +147.00± 0.00  completion=0%  max_x_avg=208
  [eval @ 155,000] reward= +147.00± 0.00  completion=0%  max_x_avg=208
  [eval @ 160,000] reward= +147.00± 0.00  completion=0%  max_x_avg=208
  [eval @ 165,000] reward= +147.00± 0.00  completion=0%  max_x_avg=208
  [eval @ 170,000] reward= +259.00± 0.00  completion=0%  max_x_avg=324
  [eval @ 175,000] reward=  -33.00± 0.00  completion=0%  max_x_avg=40
  [eval @ 180,000] reward=  -33.00± 0.00  completion=0%  max_x_avg=40
  [eval @ 185,000] reward=  -33.00± 0.00  completion=0%  max_x_avg=40
  [eval @ 190,000] reward=  -33.00± 0.00  completion=0%  max_x_avg=40
  [eval @ 195,000] reward= +147.00± 0.00  completion=0%  max_x_avg=208
  [eval @ 200,000] reward= +147.00± 0.00  completion=0%  max_x_avg=208
  [eval @ 205,000] reward= +191.00± 0.00  completion=0%  max_x_avg=547
  [eval @ 210,000] reward= +147.00± 0.00  completion=0%  max_x_avg=208
  [eval @ 215,000] reward= +166.00± 0.00  completion=0%  max_x_avg=228
  [eval @ 220,000] reward= +162.00± 0.00  completion=0%  max_x_avg=224
  [eval @ 225,000] reward= +162.00± 0.00  completion=0%  max_x_avg=224
  [eval @ 230,000] reward= +162.00± 0.00  completion=0%  max_x_avg=224
  [eval @ 235,000] reward= +364.00± 0.00  completion=0%  max_x_avg=433
  [eval @ 240,000] reward=  -46.00± 0.00  completion=0%  max_x_avg=126
  [eval @ 245,000] reward= +147.00± 0.00  completion=0%  max_x_avg=208
  [eval @ 250,000] reward= +147.00± 0.00  completion=0%  max_x_avg=208
  [eval @ 255,000] reward= +147.00± 0.00  completion=0%  max_x_avg=208
  [eval @ 260,000] reward= +167.00± 0.00  completion=0%  max_x_avg=229
  [eval @ 265,000] reward= +147.00± 0.00  completion=0%  max_x_avg=208
  [eval @ 270,000] reward= +147.00± 0.00  completion=0%  max_x_avg=208
  [eval @ 275,000] reward= +147.00± 0.00  completion=0%  max_x_avg=208
  [eval @ 280,000] reward= +170.00± 0.00  completion=0%  max_x_avg=231
  [eval @ 285,000] reward= +147.00± 0.00  completion=0%  max_x_avg=208
  [eval @ 290,000] reward= +147.00± 0.00  completion=0%  max_x_avg=208
  [eval @ 295,000] reward= +259.00± 0.00  completion=0%  max_x_avg=324
  [eval @ 300,000] reward= +147.00± 0.00  completion=0%  max_x_avg=208
  [eval @ 305,000] reward= +580.00± 0.00  completion=0%  max_x_avg=653
  [eval @ 310,000] reward= +162.00± 0.00  completion=0%  max_x_avg=224
  [eval @ 315,000] reward= +170.00± 0.00  completion=0%  max_x_avg=231
  [eval @ 320,000] reward=  -33.00± 0.00  completion=0%  max_x_avg=40
  [eval @ 325,000] reward=  -33.00± 0.00  completion=0%  max_x_avg=40
  [eval @ 330,000] reward=  -33.00± 0.00  completion=0%  max_x_avg=40
  [eval @ 335,000] reward=  -33.00± 0.00  completion=0%  max_x_avg=40
  [eval @ 340,000] reward=  -33.00± 0.00  completion=0%  max_x_avg=40
  [eval @ 345,000] reward=  -33.00± 0.00  completion=0%  max_x_avg=40
  [eval @ 350,000] reward=  -33.00± 0.00  completion=0%  max_x_avg=40
  [eval @ 355,000] reward=  -33.00± 0.00  completion=0%  max_x_avg=40
  [eval @ 360,000] reward= +170.00± 0.00  completion=0%  max_x_avg=231
  [eval @ 365,000] reward= +147.00± 0.00  completion=0%  max_x_avg=208
  [eval @ 370,000] reward= +147.00± 0.00  completion=0%  max_x_avg=208
  [eval @ 375,000] reward=   +1.00± 0.00  completion=0%  max_x_avg=182
  [eval @ 380,000] reward=  -77.00± 0.00  completion=0%  max_x_avg=39
  [eval @ 385,000] reward= +351.00± 0.00  completion=0%  max_x_avg=422
  [eval @ 390,000] reward=  +16.00± 0.00  completion=0%  max_x_avg=86
  [eval @ 395,000] reward= +147.00± 0.00  completion=0%  max_x_avg=208
  [eval @ 400,000] reward= +162.00± 0.00  completion=0%  max_x_avg=224
  [eval @ 405,000] reward= +147.00± 0.00  completion=0%  max_x_avg=208
  [eval @ 410,000] reward= +147.00± 0.00  completion=0%  max_x_avg=208
  [eval @ 415,000] reward= +270.00± 0.00  completion=0%  max_x_avg=333
  [eval @ 420,000] reward=  -33.00± 0.00  completion=0%  max_x_avg=40
  [eval @ 425,000] reward= +147.00± 0.00  completion=0%  max_x_avg=208
  [eval @ 430,000] reward= +385.00± 0.00  completion=0%  max_x_avg=453
  [eval @ 435,000] reward=  -33.00± 0.00  completion=0%  max_x_avg=40
  [eval @ 440,000] reward= +162.00± 0.00  completion=0%  max_x_avg=224
  [eval @ 445,000] reward= +147.00± 0.00  completion=0%  max_x_avg=208
  [eval @ 450,000] reward= +147.00± 0.00  completion=0%  max_x_avg=208
  [eval @ 455,000] reward= +147.00± 0.00  completion=0%  max_x_avg=208
  [eval @ 460,000] reward= +147.00± 0.00  completion=0%  max_x_avg=208
  [eval @ 465,000] reward= +147.00± 0.00  completion=0%  max_x_avg=208
  [eval @ 470,000] reward= +147.00± 0.00  completion=0%  max_x_avg=208
  [eval @ 475,000] reward= +276.00± 0.00  completion=0%  max_x_avg=340
  [eval @ 480,000] reward= +276.00± 0.00  completion=0%  max_x_avg=339
  [eval @ 485,000] reward= +162.00± 0.00  completion=0%  max_x_avg=224
  [eval @ 490,000] reward=  -33.00± 0.00  completion=0%  max_x_avg=40
  [eval @ 495,000] reward= +191.00± 0.00  completion=0%  max_x_avg=547
  [eval @ 500,000] reward= +147.00± 0.00  completion=0%  max_x_avg=208
 100% ━━━━━━━━━━━━━━━━━━━━━━━━ 500,736/500,000  [ 0:22:07 < 0:00:00 , 438 it/s ]
✓ [PPO_stage8-1_seed123] concluído em 22.2 min — modelo: /home/murilo/Documents/academico/unesp_cc/repos/unesp-paper-deep-reinforcement-learning-platform-2d-games/mario_drl_results/models/PPO_stage8-1_seed123.zip

======================================================================
[12/12] PPO | stage 8-1 | seed 2024
======================================================================

► [PPO_stage8-1_seed2024] treinando (500,000 timesteps restantes, n_envs=8)
  [eval @   5,000] reward=  -33.00± 0.00  completion=0%  max_x_avg=40
  [eval @  10,000] reward= +162.00± 0.00  completion=0%  max_x_avg=224
  [eval @  15,000] reward=  -33.00± 0.00  completion=0%  max_x_avg=40
  [eval @  20,000] reward=  -33.00± 0.00  completion=0%  max_x_avg=40
  [eval @  25,000] reward= +162.00± 0.00  completion=0%  max_x_avg=224
  [eval @  30,000] reward= +162.00± 0.00  completion=0%  max_x_avg=224
  [eval @  35,000] reward=  -77.00± 0.00  completion=0%  max_x_avg=39
  [eval @  40,000] reward= +147.00± 0.00  completion=0%  max_x_avg=208
  [eval @  45,000] reward= +147.00± 0.00  completion=0%  max_x_avg=208
  [eval @  50,000] reward=  -33.00± 0.00  completion=0%  max_x_avg=40
  [eval @  55,000] reward= +268.00± 0.00  completion=0%  max_x_avg=334
  [eval @  60,000] reward= +147.00± 0.00  completion=0%  max_x_avg=208
  [eval @  65,000] reward= +147.00± 0.00  completion=0%  max_x_avg=208
  [eval @  70,000] reward= +162.00± 0.00  completion=0%  max_x_avg=224
  [eval @  75,000] reward=   -9.00± 0.00  completion=0%  max_x_avg=175
  [eval @  80,000] reward= +143.00± 0.00  completion=0%  max_x_avg=205
  [eval @  85,000] reward= +162.00± 0.00  completion=0%  max_x_avg=224
  [eval @  90,000] reward= +162.00± 0.00  completion=0%  max_x_avg=224
  [eval @  95,000] reward=  -33.00± 0.00  completion=0%  max_x_avg=40
  [eval @ 100,000] reward=  -33.00± 0.00  completion=0%  max_x_avg=40
  [eval @ 105,000] reward=  -33.00± 0.00  completion=0%  max_x_avg=40
  [eval @ 110,000] reward=  -33.00± 0.00  completion=0%  max_x_avg=40
  [eval @ 115,000] reward= +165.00± 0.00  completion=0%  max_x_avg=226
  [eval @ 120,000] reward= +147.00± 0.00  completion=0%  max_x_avg=208
  [eval @ 125,000] reward= +162.00± 0.00  completion=0%  max_x_avg=224
  [eval @ 130,000] reward= +147.00± 0.00  completion=0%  max_x_avg=208
  [eval @ 135,000] reward= +147.00± 0.00  completion=0%  max_x_avg=208
  [eval @ 140,000] reward=  -33.00± 0.00  completion=0%  max_x_avg=40
  [eval @ 145,000] reward=  -33.00± 0.00  completion=0%  max_x_avg=40
  [eval @ 150,000] reward=  -33.00± 0.00  completion=0%  max_x_avg=40
  [eval @ 155,000] reward= +162.00± 0.00  completion=0%  max_x_avg=224
  [eval @ 160,000] reward= +162.00± 0.00  completion=0%  max_x_avg=224
  [eval @ 165,000] reward= +162.00± 0.00  completion=0%  max_x_avg=224
  [eval @ 170,000] reward= +162.00± 0.00  completion=0%  max_x_avg=224
  [eval @ 175,000] reward= +162.00± 0.00  completion=0%  max_x_avg=224
  [eval @ 180,000] reward= +162.00± 0.00  completion=0%  max_x_avg=224
  [eval @ 185,000] reward= +162.00± 0.00  completion=0%  max_x_avg=224
  [eval @ 190,000] reward= +162.00± 0.00  completion=0%  max_x_avg=224
  [eval @ 195,000] reward= +162.00± 0.00  completion=0%  max_x_avg=224
  [eval @ 200,000] reward= +469.00± 0.00  completion=0%  max_x_avg=547
  [eval @ 205,000] reward= +162.00± 0.00  completion=0%  max_x_avg=224
  [eval @ 210,000] reward= +162.00± 0.00  completion=0%  max_x_avg=224
  [eval @ 215,000] reward= +492.00± 0.00  completion=0%  max_x_avg=560
  [eval @ 220,000] reward= +148.00± 0.00  completion=0%  max_x_avg=208
  [eval @ 225,000] reward=  -33.00± 0.00  completion=0%  max_x_avg=40
  [eval @ 230,000] reward=  -33.00± 0.00  completion=0%  max_x_avg=40
  [eval @ 235,000] reward=  -33.00± 0.00  completion=0%  max_x_avg=40
  [eval @ 240,000] reward= +147.00± 0.00  completion=0%  max_x_avg=208
  [eval @ 245,000] reward= +147.00± 0.00  completion=0%  max_x_avg=208
  [eval @ 250,000] reward= +147.00± 0.00  completion=0%  max_x_avg=208
  [eval @ 255,000] reward= +147.00± 0.00  completion=0%  max_x_avg=208
  [eval @ 260,000] reward= +147.00± 0.00  completion=0%  max_x_avg=208
  [eval @ 265,000] reward= +147.00± 0.00  completion=0%  max_x_avg=208
  [eval @ 270,000] reward= +147.00± 0.00  completion=0%  max_x_avg=208
  [eval @ 275,000] reward= +147.00± 0.00  completion=0%  max_x_avg=208
  [eval @ 280,000] reward= +147.00± 0.00  completion=0%  max_x_avg=208
  [eval @ 285,000] reward= +147.00± 0.00  completion=0%  max_x_avg=208
  [eval @ 290,000] reward= +147.00± 0.00  completion=0%  max_x_avg=208
  [eval @ 295,000] reward= +147.00± 0.00  completion=0%  max_x_avg=208
  [eval @ 300,000] reward= +147.00± 0.00  completion=0%  max_x_avg=208
  [eval @ 305,000] reward= +147.00± 0.00  completion=0%  max_x_avg=208
  [eval @ 310,000] reward= +259.00± 0.00  completion=0%  max_x_avg=323
  [eval @ 315,000] reward= +147.00± 0.00  completion=0%  max_x_avg=208
  [eval @ 320,000] reward= +147.00± 0.00  completion=0%  max_x_avg=208
  [eval @ 325,000] reward= +147.00± 0.00  completion=0%  max_x_avg=208
  [eval @ 330,000] reward= +147.00± 0.00  completion=0%  max_x_avg=208
  [eval @ 335,000] reward= +259.00± 0.00  completion=0%  max_x_avg=323
  [eval @ 340,000] reward= +147.00± 0.00  completion=0%  max_x_avg=208
  [eval @ 345,000] reward= +147.00± 0.00  completion=0%  max_x_avg=208
  [eval @ 350,000] reward= +147.00± 0.00  completion=0%  max_x_avg=208
  [eval @ 355,000] reward= +147.00± 0.00  completion=0%  max_x_avg=208
  [eval @ 360,000] reward= +147.00± 0.00  completion=0%  max_x_avg=208
  [eval @ 365,000] reward= +147.00± 0.00  completion=0%  max_x_avg=208
  [eval @ 370,000] reward=  -33.00± 0.00  completion=0%  max_x_avg=40
  [eval @ 375,000] reward=  -33.00± 0.00  completion=0%  max_x_avg=40
  [eval @ 380,000] reward=  -33.00± 0.00  completion=0%  max_x_avg=40
  [eval @ 385,000] reward=  -33.00± 0.00  completion=0%  max_x_avg=40
  [eval @ 390,000] reward=  -33.00± 0.00  completion=0%  max_x_avg=40
  [eval @ 395,000] reward=  -33.00± 0.00  completion=0%  max_x_avg=40
  [eval @ 400,000] reward= +111.00± 0.00  completion=0%  max_x_avg=174
  [eval @ 405,000] reward=  -33.00± 0.00  completion=0%  max_x_avg=40
  [eval @ 410,000] reward=  -33.00± 0.00  completion=0%  max_x_avg=40
  [eval @ 415,000] reward=  +77.00± 0.00  completion=0%  max_x_avg=142
  [eval @ 420,000] reward= +147.00± 0.00  completion=0%  max_x_avg=208
  [eval @ 425,000] reward= +147.00± 0.00  completion=0%  max_x_avg=208
  [eval @ 430,000] reward= +147.00± 0.00  completion=0%  max_x_avg=208
  [eval @ 435,000] reward= +147.00± 0.00  completion=0%  max_x_avg=208
  [eval @ 440,000] reward= +147.00± 0.00  completion=0%  max_x_avg=208
  [eval @ 445,000] reward=  -31.00± 0.00  completion=0%  max_x_avg=42
  [eval @ 450,000] reward= +269.00± 0.00  completion=0%  max_x_avg=333
  [eval @ 455,000] reward= +147.00± 0.00  completion=0%  max_x_avg=208
  [eval @ 460,000] reward= +162.00± 0.00  completion=0%  max_x_avg=224
  [eval @ 465,000] reward=  +80.00± 0.00  completion=0%  max_x_avg=145
  [eval @ 470,000] reward=  -33.00± 0.00  completion=0%  max_x_avg=40
  [eval @ 475,000] reward= +149.00± 0.00  completion=0%  max_x_avg=210
  [eval @ 480,000] reward= +147.00± 0.00  completion=0%  max_x_avg=208
  [eval @ 485,000] reward= +389.00± 0.00  completion=0%  max_x_avg=456
  [eval @ 490,000] reward= +271.00± 0.00  completion=0%  max_x_avg=335
  [eval @ 495,000] reward= +147.00± 0.00  completion=0%  max_x_avg=208
  [eval @ 500,000] reward= +147.00± 0.00  completion=0%  max_x_avg=208
 100% ━━━━━━━━━━━━━━━━━━━━━━━━ 500,736/500,000  [ 0:20:15 < 0:00:00 , 428 it/s ]
✓ [PPO_stage8-1_seed2024] concluído em 20.3 min — modelo: /home/murilo/Documents/academico/unesp_cc/repos/unesp-paper-deep-reinforcement-learning-platform-2d-games/mario_drl_results/models/PPO_stage8-1_seed2024.zip

======================================================================
RESUMO: 12/12 treinos com sucesso, 0 falharam.
======================================================================
